Resolved 272 packages in 8.11s
   Building robolab @ file:///root/volo-repro/repos/RoboLab
Downloading llvmlite (41.8MiB)
Downloading triton (149.3MiB)
Downloading plotly (22.8MiB)
Downloading opencv-python-headless (47.7MiB)
Downloading isaacsim-benchmark (1.2MiB)
Downloading scipy (35.9MiB)
Downloading imageio-ffmpeg (28.1MiB)
Downloading opencv-python (60.1MiB)
Downloading isaaclab (2.3MiB)
Downloading nvidia-cuda-nvrtc-cu12 (83.9MiB)
Downloading nvidia-cusolver-cu12 (248.3MiB)
Downloading nvidia-cufile-cu12 (1.1MiB)
Downloading nvidia-cublas-cu12 (581.4MiB)
Downloading nvidia-cudnn-cu12 (693.2MiB)
Downloading nvidia-cuda-cupti-cu12 (9.8MiB)
Downloading nvidia-cusparse-cu12 (278.5MiB)
Downloading nvidia-cusparselt-cu12 (149.5MiB)
Downloading nvidia-nccl-cu12 (192.0MiB)
Downloading nvidia-curand-cu12 (60.7MiB)
Downloading nvidia-cufft-cu12 (184.2MiB)
Downloading nvidia-nvjitlink-cu12 (37.4MiB)
Downloading isaacsim-app (2.8MiB)
Downloading onnx (17.4MiB)
Downloading isaacsim-asset (29.8MiB)
Downloading isaacsim-code-editor (1.2MiB)
Downloading isaacsim-core (12.2MiB)
Downloading torch (1.0GiB)
Downloading isaacsim-example (2.6MiB)
Downloading isaacsim-cortex (1.2MiB)
Downloading isaacsim-gui (17.5MiB)
Downloading isaacsim-replicator (19.7MiB)
Downloading isaacsim-robot (10.6MiB)
Downloading isaacsim-robot-motion (5.9MiB)
Downloading isaacsim-robot-setup (4.9MiB)
Downloading isaacsim-ros2 (94.1MiB)
Downloading isaacsim-sensor (14.3MiB)
Downloading isaacsim-storage (1.1MiB)
Downloading warp-lang (156.8MiB)
Downloading isaacsim-test (1.2MiB)
Downloading isaacsim-utils (2.1MiB)
Downloading isaacsim-extscache-kit (2.8GiB)
Downloading isaacsim-extscache-kit-sdk (1.2GiB)
Downloading omniverse-kit (87.2MiB)
Downloading numpy (17.3MiB)
Downloading botocore (12.7MiB)
Downloading webbot (12.3MiB)
Downloading transformers (11.5MiB)
Downloading pandas (10.8MiB)
Downloading selenium (9.5MiB)
 Downloaded isaacsim-test
 Downloaded nvidia-cufile-cu12
 Downloaded isaacsim-code-editor
 Downloaded isaacsim-storage
 Downloaded isaacsim-cortex
Downloading scikit-learn (8.9MiB)
 Downloaded isaacsim-benchmark
 Downloaded isaacsim-utils
Downloading awscrt (8.2MiB)
Downloading matplotlib (8.2MiB)
Downloading torchvision (7.1MiB)
Downloading grpcio (6.8MiB)
Downloading tensorboard-data-server (6.3MiB)
Downloading sympy (5.9MiB)
Downloading tensorboard (5.3MiB)
 Downloaded isaacsim-app
 Downloaded isaaclab
Downloading h5py (4.8MiB)
Downloading fonttools (4.7MiB)
 Downloaded isaacsim-example
 Downloaded isaacsim-robot-setup
Downloading pillow (4.4MiB)
Downloading hf-xet (4.3MiB)
 Downloaded nvidia-cuda-cupti-cu12
 Downloaded isaacsim-robot-motion
 Downloaded isaacsim-core
Downloading cryptography (4.0MiB)
Downloading uvloop (3.6MiB)
Downloading numba (3.5MiB)
 Downloaded isaacsim-sensor
 Downloaded isaacsim-robot
Downloading torchaudio (3.3MiB)
Downloading tokenizers (3.2MiB)
 Downloaded isaacsim-gui
 Downloaded isaacsim-replicator
Downloading ml-dtypes (2.1MiB)
Downloading pydantic-core (1.9MiB)
 Downloaded nvidia-nvjitlink-cu12
Downloading networkx (1.6MiB)
 Downloaded isaacsim-asset
 Downloaded nvidia-curand-cu12
Downloading aiohttp (1.6MiB)
Downloading kiwisolver (1.4MiB)
 Downloaded pydantic-core
 Downloaded ml-dtypes
Downloading pygments (1.2MiB)
Downloading qdldl (1.1MiB)
 Downloaded networkx
Downloading pyglet (1.1MiB)
 Downloaded numba
 Downloaded torchaudio
 Downloaded uvloop
 Downloaded tokenizers
 Downloaded hf-xet
 Downloaded kiwisolver
 Downloaded pillow
 Downloaded fonttools
 Downloaded cryptography
 Downloaded qdldl
 Downloaded pygments
 Downloaded h5py
 Downloaded tensorboard
 Downloaded aiohttp
 Downloaded pyglet
 Downloaded sympy
 Downloaded tensorboard-data-server
 Downloaded grpcio
 Downloaded torchvision
 Downloaded nvidia-cuda-nvrtc-cu12
   Building construct==2.10.68
   Building pyperclip==1.8.0
   Building flatdict==4.0.1
   Building idna-ssl==1.1.0
 Downloaded matplotlib
      Built pyperclip==1.8.0
 Downloaded awscrt
      Built idna-ssl==1.1.0
      Built construct==2.10.68
      Built flatdict==4.0.1
 Downloaded scikit-learn
      Built robolab @ file:///root/volo-repro/repos/RoboLab
 Downloaded selenium
 Downloaded transformers
 Downloaded pandas
 Downloaded botocore
 Downloaded webbot
 Downloaded omniverse-kit
 Downloaded numpy
 Downloaded isaacsim-ros2
 Downloaded imageio-ffmpeg
 Downloaded nvidia-cusparselt-cu12
 Downloaded onnx
 Downloaded nvidia-cufft-cu12
 Downloaded warp-lang
 Downloaded scipy
 Downloaded llvmlite
 Downloaded nvidia-nccl-cu12
 Downloaded opencv-python-headless
 Downloaded torch
 Downloaded nvidia-cusolver-cu12
 Downloaded opencv-python
 Downloaded nvidia-cusparse-cu12
 Downloaded plotly
 Downloaded nvidia-cublas-cu12
 Downloaded triton
 Downloaded nvidia-cudnn-cu12
 Downloaded isaacsim-extscache-kit-sdk
 Downloaded isaacsim-extscache-kit
Prepared 219 packages in 1m 19s
Uninstalled 2 packages in 14ms
Installed 220 packages in 7.52s
 + absl-py==2.5.0
 + aiodns==3.1.1
 + aiofiles==23.2.1
 + aiohappyeyeballs==2.4.4
 + aiohttp==3.11.11
 + aioitertools==0.11.0
 + aiosignal==1.3.2
 + annotated-doc==0.0.5
 + annotated-types==0.8.0
 + anyio==4.14.2
 + asteval==1.0.6
 + async-timeout==5.0.1
 + attrs==25.1.0
 + awscrt==0.23.4
 + azure-core==1.28.0
 + azure-identity==1.13.0
 + azure-storage-blob==12.17.0
 + boto3==1.36.1
 + botocore==1.36.1
 + certifi==2026.7.22
 + cffi==2.1.1
 + charset-normalizer==3.3.2
 + click==8.1.7
 + cloudpickle==3.1.2
 + construct==2.10.68
 + contourpy==1.3.1
 + coverage==7.4.4
 + cryptography==44.0.0
 + cycler==0.11.0
 + decorator==5.3.1
 + docstring-parser==0.18.0
 + einops==0.9.0.dev0
 + farama-notifications==0.0.6
 + fastapi==0.115.7
 + filelock==3.13.1
 + flaky==3.8.1
 + flatdict==4.0.1
 + fonttools==4.55.3
 + frozenlist==1.5.0
 + fsspec==2024.6.1
 + grpcio==1.83.1
 + gunicorn==22.0.0
 + gymnasium==1.2.0
 + h11==0.16.0
 + h5py==3.16.0
 + hf-xet==1.6.1a0
 + hidapi==0.14.0.post2
 + httpcore==1.0.9
 + httptools==0.6.1
 + httpx==0.28.1
 + huggingface-hub==1.16.1
 + hydra-core==1.4.0.dev9
 + idna==3.10
 + idna-ssl==1.1.0
 + imageio==2.37.0
 + imageio-ffmpeg==0.6.0
 + iniconfig==2.3.0
 + isaaclab==2.2.0
 + isaacsim==5.0.0.0
 + isaacsim-app==5.0.0.0
 + isaacsim-asset==5.0.0.0
 + isaacsim-benchmark==5.0.0.0
 + isaacsim-code-editor==5.0.0.0
 + isaacsim-core==5.0.0.0
 + isaacsim-cortex==5.0.0.0
 + isaacsim-example==5.0.0.0
 + isaacsim-extscache-kit==5.0.0.0
 + isaacsim-extscache-kit-sdk==5.0.0.0
 + isaacsim-extscache-physics==5.0.0.0
 + isaacsim-gui==5.0.0.0
 + isaacsim-kernel==5.0.0.0
 + isaacsim-replicator==5.0.0.0
 + isaacsim-rl==5.0.0.0
 + isaacsim-robot==5.0.0.0
 + isaacsim-robot-motion==5.0.0.0
 + isaacsim-robot-setup==5.0.0.0
 + isaacsim-ros1==5.0.0.0
 + isaacsim-ros2==5.0.0.0
 + isaacsim-sensor==5.0.0.0
 + isaacsim-storage==5.0.0.0
 + isaacsim-template==5.0.0.0
 + isaacsim-test==5.0.0.0
 + isaacsim-utils==5.0.0.0
 + isodate==0.6.1
 + jinja2==3.1.6
 + jmespath==1.0.1
 + joblib==1.6.0
 + json-numpy==2.1.1
 + junitparser==5.0.3
 + kiwisolver==1.4.4
 + llvmlite==0.42.0
 + markdown==3.10.3
 + markdown-it-py==4.2.0
 + markupsafe==2.1.3
 + matplotlib==3.10.0
 + mdurl==0.1.2
 + ml-dtypes==0.4.1
 + moviepy==2.2.1
 + mpmath==1.3.0
 + msal==1.27.0
 + msal-extensions==1.0.0
 + msgpack==1.2.2
 + msgpack-numpy==0.4.8
 + multidict==6.1.0
 + narwhals==2.25.0
 + nest-asyncio==1.5.6
 + networkx==3.3
 + numba==0.59.1
 + numpy==1.26.0
 + numpy-quaternion==2023.0.3
 + nvidia-cublas-cu12==12.8.3.14
 + nvidia-cuda-cupti-cu12==12.8.57
 + nvidia-cuda-nvrtc-cu12==12.8.61
 + nvidia-cuda-runtime-cu12==12.8.57
 + nvidia-cudnn-cu12==9.7.1.26
 + nvidia-cufft-cu12==11.3.3.41
 + nvidia-cufile-cu12==1.13.0.11
 + nvidia-curand-cu12==10.3.9.55
 + nvidia-cusolver-cu12==11.7.2.55
 + nvidia-cusparse-cu12==12.5.7.53
 + nvidia-cusparselt-cu12==0.6.3
 + nvidia-nccl-cu12==2.26.2
 + nvidia-nvjitlink-cu12==12.8.61
 + nvidia-nvtx-cu12==12.8.55
 + nvsmi==0.4.2
 + oauthlib==3.2.2
 + omegaconf==2.4.0.dev15
 + omniverse-kit==107.3.1.206797
 + onnx==1.19.0
 + opencv-python==4.11.0.86
 + opencv-python-headless==4.11.0.86
 + osqp==0.6.7.post3
 + outcome==1.3.0.post0
 - packaging==26.3 (from file:///home/conda/feedstock_root/build_artifacts/bld/rattler-build_packaging_1785888127/work)
 + packaging==23.0
 + pandas==3.0.5
 + pillow==11.2.1
 + pint==0.20.1
 + plotly==5.3.1
 + pluggy==1.6.0
 + portalocker==2.7.0
 + prettytable==3.3.0
 + proglog==0.1.12
 + propcache==0.2.1
 + protobuf==7.36.1
 + psutil==5.9.8
 + pycares==4.3.0
 + pycparser==3.0
 + pydantic==2.11.10
 + pydantic-core==2.33.2
 + pyglet==1.5.31
 + pygments==2.21.0
 + pyjwt==2.13.0
 + pyparsing==3.0.9
 + pyperclip==1.8.0
 + pypng==0.20220715.0
 + pysocks==1.7.1
 + pytest==9.1.1
 + pytest-mock==3.15.1
 + python-dateutil==2.9.0.post0
 + python-dotenv==1.2.3
 + python-multipart==0.0.20
 + pytz==2024.1
 + pyyaml==6.0.2
 + pyzmq==27.2.0
 + qdldl==0.1.7.post1
 + qrcode==7.4.2
 + regex==2026.9.3
 + requests==2.32.3
 + requests-oauthlib==1.3.1
 + rich==15.0.0
 + robolab==0.3.0 (from file:///root/volo-repro/repos/RoboLab)
 + rtree==1.3.0
 + s3transfer==0.11.0
 + safetensors==0.8.0
 + scikit-learn==1.9.0
 + scipy==1.15.3
 + selenium==4.14.0
 + sentry-sdk==1.43.0
 - setuptools==84.0.0
 + setuptools==80.10.2
 + shellingham==1.5.4
 + shtab==1.12.1
 + six==1.17.0
 + sniffio==1.3.1
 + sortedcontainers==2.4.0
 + starlette==0.45.3
 + sympy==1.13.3
 + tenacity==9.1.4
 + tensorboard==2.21.0
 + tensorboard-data-server==0.7.2
 + threadpoolctl==3.6.0
 + tokenizers==0.23.2
 + toml==0.10.2
 + torch==2.7.0+cu128
 + torchaudio==2.7.0
 + torchvision==0.22.0
 + tornado==6.4.2
 + tqdm==4.70.0
 + transformers==5.16.1
 + trimesh==4.5.1
 + trio==0.34.0
 + trio-websocket==0.12.2
 + triton==3.3.0
 + typeguard==4.4.2
 + typer==0.27.2
 + typing-extensions==4.12.2
 + typing-inspection==0.4.2
 + tyro==0.9.17
 + urllib3==2.7.0
 + uvicorn==0.29.0
 + uvloop==0.22.1
 + warp-lang==1.18.0.dev20260905
 + watchdog==4.0.0
 + watchfiles==1.2.0
 + wcwidth==0.8.3
 + webbot==0.34
 + websockets==17.1
 + werkzeug==3.1.8
 + wrapt==1.16.0
 + wsproto==1.3.2
 + yarl==1.18.3
