[INFO][AppLauncher]: Using device: cuda:0
[INFO][AppLauncher]: Loading experience file: /root/volo-repro/envs/robolab/lib/python3.11/site-packages/isaaclab/apps/isaaclab.python.headless.rendering.kit
Loading user config located at: '/root/volo-repro/envs/robolab/lib/python3.11/site-packages/isaacsim/kit/data/Kit/Isaac-Sim/5.1/user.config.json'
[Info] [carb] Logging to file: /root/volo-repro/envs/robolab/lib/python3.11/site-packages/isaacsim/kit/logs/Kit/Isaac-Sim/5.1/kit_20260905_155818.log
2026-09-05T15:58:18Z [1ms] [Warning] [carb.crashreporter-breakpad.plugin] [previous crash] preventing upload of minidump due to user opt-out: '/root/volo-repro/envs/robolab/lib/python3.11/site-packages/isaacsim/kit/data/Kit/Isaac-Sim/5.1/829f2ac7-340c-45f0-4e78c5b4-800f08cc.dmp'
2026-09-05T15:58:18Z [2ms] [Warning] [carb.crashreporter-breakpad.plugin] [previous crash] preventing upload of minidump due to user opt-out: '/root/volo-repro/envs/robolab/lib/python3.11/site-packages/isaacsim/kit/data/Kit/Isaac-Sim/5.1/5f504b36-151a-4e6b-4ac20ab2-c82e61f9.dmp'
2026-09-05T15:58:18Z [2ms] [Warning] [carb.crashreporter-breakpad.plugin] [previous crash] preventing upload of minidump due to user opt-out: '/root/volo-repro/envs/robolab/lib/python3.11/site-packages/isaacsim/kit/data/Kit/Isaac-Sim/5.1/d97ed660-15ac-4418-eefae5b5-263314b8.dmp'
2026-09-05T15:58:18Z [3ms] [Warning] [carb.crashreporter-breakpad.plugin] [previous crash] preventing upload of minidump due to user opt-out: '/root/volo-repro/envs/robolab/lib/python3.11/site-packages/isaacsim/kit/data/Kit/Isaac-Sim/5.1/d396dffb-90d7-4512-753f2e83-cecf3e7e.dmp'

|---------------------------------------------------------------------------------------------|
| Driver Version: 595.71.05     | Graphics API: Vulkan
|=============================================================================================|
| GPU | Name                             | Active | LDA | GPU Memory | Vendor-ID | LUID       |
|     |                                  |        |     |            | Device-ID | UUID       |
|     |                                  |        |     |            | Bus-ID    |            |
|---------------------------------------------------------------------------------------------|
| 0   | NVIDIA GeForce RTX 5090          | Yes: 0 |     | 32607   MB | 10de      | 0          |
|     |                                  |        |     |            | 2b85      | 3df58cc9.. |
|     |                                  |        |     |            | c1        |            |
|=============================================================================================|
| OS: 24.04.4 LTS (Noble Numbat) ubuntu, Version: 24.04.4, Kernel: 7.0.0-15-generic
| XServer Vendor: The X.Org Foundation, XServer Version: 12101011 (1.21.1.11)
| Processor: AMD Ryzen Threadripper 7960X 24-Cores
| Bare Metal Cores: 24 | Bare Metal Logical Cores: 48
| Core Usage Quota: 23.04
|---------------------------------------------------------------------------------------------|
| Total Memory (MB): 42431 | Free Memory: 35808
| Total Page/Swap (MB): 8191 | Free Page/Swap: 1922
|---------------------------------------------------------------------------------------------|
2026-09-05T15:58:20Z [1,356ms] [Warning] [gpu.foundation.plugin] CPU performance profile is set to powersave. This profile sets the CPU to the lowest frequency reducing performance.
2026-09-05T15:58:20Z [1,366ms] [Warning] [gpu.foundation.plugin] IOMMU is enabled.
2026-09-05T15:58:21Z [2,089ms] [Warning] [omni.log] Source: omni.hydra was already registered.
2026-09-05T15:58:21Z [2,339ms] [Warning] [carb] Acquiring non optional plugin interface which is not listed as dependency: [omni::physx::IPhysxBenchmarks v1.0] (plugin: <default plugin>), by client: omni.physics.physx.plugin. Add it to CARB_PLUGIN_IMPL_DEPS() macro of a client.
2026-09-05T15:58:21Z [2,346ms] [Warning] [omni.isaac.dynamic_control] omni.isaac.dynamic_control is deprecated as of Isaac Sim 4.5. No action is needed from end-users.
2026-09-05T15:58:23Z [4,757ms] [Warning] [pxr.Semantics] pxr.Semantics is deprecated - please use Semantics instead
2026-09-05T15:58:23Z [4,903ms] [Warning] [omni.graph.core.plugin] Found duplicate of category 'Replicator' - was 'Annotators', adding 'Fabric Reader'
2026-09-05T15:58:23Z [4,903ms] [Warning] [omni.graph.core.plugin] Category 'Replicator' not accepted on node type 'omni.replicator.core.FabricReader' in extension 'omni.replicator.core'
2026-09-05T15:58:23Z [4,903ms] [Warning] [omni.replicator.core.scripts.extension] No material configuration file, adding configuration to material settings directly.
2026-09-05T15:58:26Z [0ms] [Warning] [carb.crashreporter-breakpad.plugin] [crash] A crash has occurred.  If a debugger should be attached, please set the '/crashreporter/debuggerAttachTimeoutMs' setting to a timeout in milliseconds.  This can be used to allow the crash reporter to wait for up to that long for a debugger to attach before processing or sending the crash report.
2026-09-05T15:58:26Z [54ms] [Error] [carb.crashreporter-breakpad.plugin] [crash] Wrote dump file '/root/volo-repro/envs/robolab/lib/python3.11/site-packages/isaacsim/kit/data/Kit/Isaac-Sim/5.1/fba9c5b4-9e9c-4405-6adec3b9-1e692841.dmp'
2026-09-05T15:58:26Z [60ms] [Warning] [carb.crashreporter-breakpad.plugin] [crash] preventing upload of minidump due to user opt-out: '/root/volo-repro/envs/robolab/lib/python3.11/site-packages/isaacsim/kit/data/Kit/Isaac-Sim/5.1/fba9c5b4-9e9c-4405-6adec3b9-1e692841.dmp'
2026-09-05T15:58:26Z [64ms] [Error] [carb.crashreporter-breakpad.plugin] [crash]     dump file size is 4595488 bytes, file is readable.
2026-09-05T15:58:26Z [71ms] [Fatal] [carb.crashreporter-breakpad.plugin] [crash] Crash detected in pid 58222 thread 58255
2026-09-05T15:58:26Z [76ms] [Warning] [carb.crashreporter-breakpad.plugin] [crash] Crash metadata:
2026-09-05T15:58:26Z [81ms] [Warning] [carb.crashreporter-breakpad.plugin] [crash]  BuildGitlabJobID = '209507876'
2026-09-05T15:58:26Z [86ms] [Warning] [carb.crashreporter-breakpad.plugin] [crash]  CarbSdkVersion = '206.6+release.9587.07f17b1b.gl'
2026-09-05T15:58:26Z [91ms] [Warning] [carb.crashreporter-breakpad.plugin] [crash]  CrashTime = 'Sat Sep  5 15:58:26 2026 GMT'
2026-09-05T15:58:26Z [96ms] [Warning] [carb.crashreporter-breakpad.plugin] [crash]  DriverShaderCacheWrapper = 'disabled'
2026-09-05T15:58:26Z [101ms] [Warning] [carb.crashreporter-breakpad.plugin] [crash]  DumpId = 'fba9c5b4-9e9c-4405-6adec3b9-1e692841'
2026-09-05T15:58:26Z [106ms] [Warning] [carb.crashreporter-breakpad.plugin] [crash]  LastUploadStatus = '0'
2026-09-05T15:58:26Z [111ms] [Warning] [carb.crashreporter-breakpad.plugin] [crash]  ProductName = 'OmniverseKit'
2026-09-05T15:58:26Z [116ms] [Warning] [carb.crashreporter-breakpad.plugin] [crash]  PythonTracebackStatus = ''py-spy' successfully wrote info to '/root/volo-repro/envs/robolab/lib/python3.11/site-packages/isaacsim/kit/data/Kit/Isaac-Sim/5.1/fba9c5b4-9e9c-4405-6adec3b9-1e692841.py.txt''
2026-09-05T15:58:26Z [121ms] [Warning] [carb.crashreporter-breakpad.plugin] [crash]  RetryCount = '0'
2026-09-05T15:58:26Z [126ms] [Warning] [carb.crashreporter-breakpad.plugin] [crash]  StartupTime = '1788623898'
2026-09-05T15:58:26Z [132ms] [Warning] [carb.crashreporter-breakpad.plugin] [crash]  UploadSuccessful = '0'
2026-09-05T15:58:26Z [137ms] [Warning] [carb.crashreporter-breakpad.plugin] [crash]  UptimeSeconds = '8'
2026-09-05T15:58:26Z [142ms] [Warning] [carb.crashreporter-breakpad.plugin] [crash]  UserStory = ''
2026-09-05T15:58:26Z [147ms] [Warning] [carb.crashreporter-breakpad.plugin] [crash]  UserStoryStatus = 'Running in headless mode; not gathering user story'
2026-09-05T15:58:26Z [153ms] [Warning] [carb.crashreporter-breakpad.plugin] [crash]  Version = '107.3.3+production.229672.69cbf6ad.gl'
2026-09-05T15:58:26Z [157ms] [Warning] [carb.crashreporter-breakpad.plugin] [crash]  aftermath_enabled = '1'
2026-09-05T15:58:26Z [163ms] [Warning] [carb.crashreporter-breakpad.plugin] [crash]  aftermath_flags = '3'
2026-09-05T15:58:26Z [168ms] [Warning] [carb.crashreporter-breakpad.plugin] [crash]  aftermath_status = 'auto-enabled'
2026-09-05T15:58:26Z [173ms] [Warning] [carb.crashreporter-breakpad.plugin] [crash]  aftermath_version = '2024.1'
2026-09-05T15:58:26Z [178ms] [Warning] [carb.crashreporter-breakpad.plugin] [crash]  appName = 'Isaac-Sim'
2026-09-05T15:58:26Z [183ms] [Warning] [carb.crashreporter-breakpad.plugin] [crash]  appState = 'started'
2026-09-05T15:58:26Z [188ms] [Warning] [carb.crashreporter-breakpad.plugin] [crash]  appVersion = '5.1.0'
2026-09-05T15:58:26Z [193ms] [Warning] [carb.crashreporter-breakpad.plugin] [crash]  autoloadExts = ''
2026-09-05T15:58:26Z [198ms] [Warning] [carb.crashreporter-breakpad.plugin] [crash]  buildBranch = 'production'
2026-09-05T15:58:26Z [203ms] [Warning] [carb.crashreporter-breakpad.plugin] [crash]  buildCi = 'gl'
2026-09-05T15:58:26Z [208ms] [Warning] [carb.crashreporter-breakpad.plugin] [crash]  buildConfig = 'release'
2026-09-05T15:58:26Z [213ms] [Warning] [carb.crashreporter-breakpad.plugin] [crash]  buildGitlabJobName = 'kit-build-release-linux-x86_64'
2026-09-05T15:58:26Z [218ms] [Warning] [carb.crashreporter-breakpad.plugin] [crash]  buildGitlabJobStage = 'kit-build'
2026-09-05T15:58:26Z [224ms] [Warning] [carb.crashreporter-breakpad.plugin] [crash]  buildGitlabPipelineID = '34875094'
2026-09-05T15:58:26Z [228ms] [Warning] [carb.crashreporter-breakpad.plugin] [crash]  buildHash = '69cbf6ad'
2026-09-05T15:58:26Z [234ms] [Warning] [carb.crashreporter-breakpad.plugin] [crash]  buildMajor = '107'
2026-09-05T15:58:26Z [238ms] [Warning] [carb.crashreporter-breakpad.plugin] [crash]  buildMinor = '3'
2026-09-05T15:58:26Z [244ms] [Warning] [carb.crashreporter-breakpad.plugin] [crash]  buildNumber = '229672'
2026-09-05T15:58:26Z [249ms] [Warning] [carb.crashreporter-breakpad.plugin] [crash]  buildPatch = '3'
2026-09-05T15:58:26Z [254ms] [Warning] [carb.crashreporter-breakpad.plugin] [crash]  buildVersion = '107.3.3'
2026-09-05T15:58:26Z [259ms] [Warning] [carb.crashreporter-breakpad.plugin] [crash]  carboniteFrameworkVersion = '206.6+release.9587.07f17b1b.gl'
2026-09-05T15:58:26Z [264ms] [Warning] [carb.crashreporter-breakpad.plugin] [crash]  carboniteSdkVersion = '206.6+release.9587.07f17b1b.gl'
2026-09-05T15:58:26Z [269ms] [Warning] [carb.crashreporter-breakpad.plugin] [crash]  commandLine = '/root/volo-repro/envs/robolab/bin/python -u /root/volo-repro/scripts/smoke_l11.py --headless --kit_args=--/renderer/asyncInit=false\ --/ngx/enabled=false'
2026-09-05T15:58:26Z [274ms] [Warning] [carb.crashreporter-breakpad.plugin] [crash]  cpuCoreLimited = '48'
2026-09-05T15:58:26Z [279ms] [Warning] [carb.crashreporter-breakpad.plugin] [crash]  cpuId = 'Intel64 Family 25 Model 24 Stepping 1'
2026-09-05T15:58:26Z [284ms] [Warning] [carb.crashreporter-breakpad.plugin] [crash]  cpuLogicalCoresBareMetal = '48'
2026-09-05T15:58:26Z [289ms] [Warning] [carb.crashreporter-breakpad.plugin] [crash]  cpuName = 'AMD Ryzen Threadripper 7960X 24-Cores'
2026-09-05T15:58:26Z [294ms] [Warning] [carb.crashreporter-breakpad.plugin] [crash]  cpuPhysicalCoresBareMetal = '24'
2026-09-05T15:58:26Z [299ms] [Warning] [carb.crashreporter-breakpad.plugin] [crash]  cpuUsageQuota = '23.040001'
2026-09-05T15:58:26Z [304ms] [Warning] [carb.crashreporter-breakpad.plugin] [crash]  cpuVendor = 'AuthenticAMD'
2026-09-05T15:58:26Z [309ms] [Warning] [carb.crashreporter-breakpad.plugin] [crash]  desktopOrigin = '(0, 0)'
2026-09-05T15:58:26Z [314ms] [Warning] [carb.crashreporter-breakpad.plugin] [crash]  desktopSize = '1920x1080'
2026-09-05T15:58:26Z [319ms] [Warning] [carb.crashreporter-breakpad.plugin] [crash]  displayCount = '1'
2026-09-05T15:58:26Z [324ms] [Warning] [carb.crashreporter-breakpad.plugin] [crash]  displayRes_0 = '1920x1080x32bit@60Hz'
2026-09-05T15:58:26Z [332ms] [Warning] [carb.crashreporter-breakpad.plugin] [crash]  environmentName = 'Individual'
2026-09-05T15:58:26Z [338ms] [Warning] [carb.crashreporter-breakpad.plugin] [crash]  experience = 'Isaac Sim'
2026-09-05T15:58:26Z [342ms] [Warning] [carb.crashreporter-breakpad.plugin] [crash]  externalBuild = '1'
2026-09-05T15:58:26Z [348ms] [Warning] [carb.crashreporter-breakpad.plugin] [crash]  gpuDriver_0 = '595.71'
2026-09-05T15:58:26Z [352ms] [Warning] [carb.crashreporter-breakpad.plugin] [crash]  gpuVRAM_0 = '34190917632'
2026-09-05T15:58:26Z [358ms] [Warning] [carb.crashreporter-breakpad.plugin] [crash]  gpu_0 = 'NVIDIA GeForce RTX 5090'
2026-09-05T15:58:26Z [362ms] [Warning] [carb.crashreporter-breakpad.plugin] [crash]  kitRendererDriverVersion = '595.71'
2026-09-05T15:58:26Z [368ms] [Warning] [carb.crashreporter-breakpad.plugin] [crash]  lib_isaacSim_buildBranch = 'release'
2026-09-05T15:58:26Z [373ms] [Warning] [carb.crashreporter-breakpad.plugin] [crash]  lib_isaacSim_buildDate = 'Fri Oct 17 03:55:10 2025 +0000'
2026-09-05T15:58:26Z [378ms] [Warning] [carb.crashreporter-breakpad.plugin] [crash]  lib_isaacSim_buildHash = '9c81211'
2026-09-05T15:58:26Z [383ms] [Warning] [carb.crashreporter-breakpad.plugin] [crash]  lib_isaacSim_buildRepo = 'https://gitlab-master.nvidia.com/omniverse/isaac/omni_isaac_sim.git'
2026-09-05T15:58:26Z [389ms] [Warning] [carb.crashreporter-breakpad.plugin] [crash]  lib_isaacSim_buildVersion = '5.1.0-rc.19'
2026-09-05T15:58:26Z [393ms] [Warning] [carb.crashreporter-breakpad.plugin] [crash]  lib_physx_buildBranch = 'HEAD'
2026-09-05T15:58:26Z [398ms] [Warning] [carb.crashreporter-breakpad.plugin] [crash]  lib_physx_buildDate = 'Oct-03-2025'
2026-09-05T15:58:26Z [403ms] [Warning] [carb.crashreporter-breakpad.plugin] [crash]  lib_physx_buildHash = '3a61992'
2026-09-05T15:58:26Z [409ms] [Warning] [carb.crashreporter-breakpad.plugin] [crash]  lib_physx_buildRepo = 'gitlab-master.nvidia.com/omniverse/physics'
2026-09-05T15:58:26Z [413ms] [Warning] [carb.crashreporter-breakpad.plugin] [crash]  lib_physx_buildVersion = '107.3.26'
2026-09-05T15:58:26Z [419ms] [Warning] [carb.crashreporter-breakpad.plugin] [crash]  memoryStats = '(avail/total) RAM: 32.842/61.0426GB, Swap: 1.87722/8GB, VM: 1.71799e+10/1.71799e+10GB'
2026-09-05T15:58:26Z [423ms] [Warning] [carb.crashreporter-breakpad.plugin] [crash]  nvidia-smi = '
==============NVSMI LOG==============

Timestamp                                              : Sat Sep  5 15:58:19 2026
Driver Version                                         : 595.71.05
CUDA Version                                           : 13.2

Attached GPUs                                          : 1
GPU 00000000:C1:00.0
    Product Name                                       : NVIDIA GeForce RTX 5090
    Product Brand                                      : GeForce
    Product Architecture                               : Blackwell
    Display Mode                                       : Requested functionality has been deprecated
    Display Attached                                   : No
    Display Active                                     : Disabled
    Persistence Mode                                   : Enabled
    Addressing Mode                                    : HMM
    MIG Mode
        Current                                        : N/A
        Pending                                        : N/A
    Accounting Mode                                    : Disabled
    Accounting Mode Buffer Size                        : 4000
    Driver Model
        Current                                        : N/A
        Pending                                        : N/A
    Serial Number                                      : 0
    GPU UUID                                           : GPU-3df58cc9-95e4-1bde-90fc-ba9fea9193d3
    GPU PDI                                            : 0x1c8547bf262ce65e
    Minor Number                                       : 0
    VBIOS Version                                      : 98.02.2E.40.7F
    MultiGPU Board                                     : No
    Board ID                                           : 0xc100
    Board Part Number                                  : N/A
    GPU Part Number                                    : 2B85-300-A1
    FRU Part Number                                    : N/A
    Platform Info
        Chassis Serial Number                          : 
        Slot Number                                    : 0
        Tray Index                                     : 0
        Host ID                                        : 1
        Peer Type                                      : Direct Connected
        Module Id                                      : 1
        GPU Fabric GUID                                : 0x0000000000000000
    Inforom Version
        Image Version                                  : G005.0000.98.01
        OEM Object                                     : 2.1
        ECC Object                                     : N/A
        Power Management Object                        : N/A
    Inforom BBX Object Flush
        Latest Timestamp                               : N/A
        Latest Duration                                : N/A
    GPU Operation Mode
        Current                                        : N/A
        Pending                                        : N/A
    GPU C2C Mode                                       : Disabled
    GPU Virtualization Mode
        Virtualization Mode                            : None
        Host VGPU Mode                                 : N/A
        vGPU Heterogeneous Mode                        : N/A
    GPU Recovery Action                                : None
    GSP Firmware Version                               : 595.71.05
    IBMNPU
        Relaxed Ordering Mode                          : N/A
    PCI
        Bus                                            : 0xC1
        Device                                         : 0x00
        Domain                                         : 0x0000
        Base Classcode                                 : 0x3
        Sub Classcode                                  : 0x0
        Device Id                                      : 0x2B8510DE
        Bus Id                                         : 00000000:C1:00.0
        Sub System Id                                  : 0x89EE1043
        GPU Link Info
            PCIe Generation
                Max                                    : 5
                Current                                : 2
                Device Current                         : 2
                Device Max                             : 5
                Host Max                               : 5
            Link Width
                Max                                    : 16x
                Current                                : 16x
        Bridge Chip
            Type                                       : N/A
            Firmware                                   : N/A
        Replays Since Reset                            : 0
        Replay Number Rollovers                        : 0
        Tx Throughput                                  : 11364 KB/s
        Rx Throughput                                  : 24954 KB/s
        Atomic Caps Outbound                           : N/A
        Atomic Caps Inbound                            : FETCHADD_32 FETCHADD_64 SWAP_32 SWAP_64 CAS_32 CAS_64 
    Fan Speed                                          : 30 %
    Performance State                                  : P5
    Clocks Event Reasons
        Idle                                           : Not Active
        Applications Clocks Setting                    : Not Active
        SW Power Cap                                   : Not Active
        HW Slowdown                                    : Not Active
            HW Thermal Slowdown                        : Not Active
            HW Power Brake Slowdown                    : Not Active
        Sync Boost                                     : Not Active
        SW Thermal Slowdown                            : Not Active
        Display Clock Setting                          : Not Active
    Clocks Event Reasons Counters
        SW Power Capping                               : 131792673446 us
        Sync Boost                                     : 0 us
        SW Thermal Slowdown                            : 0 us
        HW Thermal Slowdown                            : 0 us
        HW Power Braking                               : 0 us
    Sparse Operation Mode                              : N/A
    FB Memory Usage
        Total                                          : 32607 MiB
        Reserved                                       : 497 MiB
        Used                                           : 22 MiB
        Free                                           : 32090 MiB
    BAR1 Memory Usage
        Total                                          : 32768 MiB
        Used                                           : 4 MiB
        Free                                           : 32764 MiB
    Conf Compute Protected Memory Usage
        Total                                          : 0 MiB
        Used                                           : 0 MiB
        Free                                           : 0 MiB
    Compute Mode                                       : Default
    Utilization
        GPU                                            : 100 %
        Memory                                         : 92 %
        Encoder                                        : 0 %
        Decoder                                        : 0 %
        JPEG                                           : 0 %
        OFA                                            : 0 %
    Encoder Stats
        Active Sessions                                : 0
        Average FPS                                    : 0
        Average Latency                                : 0
    FBC Stats
        Active Sessions                                : 0
        Average FPS                                    : 0
        Average Latency                                : 0
    DRAM Encryption Mode
        Current                                        : Disabled
        Pending                                        : Disabled
    ECC Mode
        Current                                        : N/A
        Pending                                        : N/A
    ECC Errors
        Volatile
            SRAM Correctable                           : N/A
            SRAM Uncorrectable Parity                  : N/A
            SRAM Uncorrectable SEC-DED                 : N/A
            DRAM Correctable                           : N/A
            DRAM Uncorrectable                         : N/A
        Aggregate
            SRAM Correctable                           : N/A
            SRAM Uncorrectable Parity                  : N/A
            SRAM Uncorrectable SEC-DED                 : N/A
            DRAM Correctable                           : N/A
            DRAM Uncorrectable                         : N/A
            SRAM Threshold Exceeded                    : N/A
        Aggregate Uncorrectable SRAM Sources
            SRAM L2                                    : N/A
            SRAM SM                                    : N/A
            SRAM Microcontroller                       : N/A
            SRAM PCIE                                  : N/A
            SRAM Other                                 : N/A
        Channel Repair Pending                         : No
        TPC Repair Pending                             : No
        Unrepairable Memory                            : N/A
    Retired Pages
        Single Bit ECC                                 : N/A
        Double Bit ECC                                 : N/A
        Pending Page Blacklist                         : N/A
    Remapped Rows                                      : N/A
    Temperature
        GPU Current Temp                               : 51 C
        GPU T.Limit Temp                               : 38 C
        GPU Shutdown T.Limit Temp                      : -5 C
        GPU Slowdown T.Limit Temp                      : -2 C
        GPU Max Operating T.Limit Temp                 : 0 C
        GPU Target Temperature                         : N/A
        Memory Current Temp                            : N/A
        Memory Max Operating T.Limit Temp              : N/A
    GPU Power Readings
        Average Power Draw                             : 28.60 W
        Instantaneous Power Draw                       : 51.14 W
        Current Power Limit                            : 500.00 W
        Requested Power Limit                          : 500.00 W
        Default Power Limit                            : 600.00 W
        Min Power Limit                                : 400.00 W
        Max Power Limit                                : 600.00 W
    GPU Memory Power Readings 
        Average Power Draw                             : N/A
        Instantaneous Power Draw                       : N/A
    Module Power Readings
        Average Power Draw                             : N/A
        Instantaneous Power Draw                       : N/A
        Current Power Limit                            : N/A
        Requested Power Limit                          : N/A
        Default Power Limit                            : N/A
        Min Power Limit                                : N/A
        Max Power Limit                                : N/A
    Power Smoothing                                    : N/A
    Workload Power Profiles
        Requested Profiles                             : N/A
        Enforced Profiles                              : N/A
    EDPp Multiplier                                    : N/A
    Clocks
        Graphics                                       : 195 MHz
        SM                                             : 195 MHz
        Memory                                         : 810 MHz
        Video                                          : 600 MHz
    Applications Clocks
        Graphics                                       : Requested functionality has been deprecated
        Memory                                         : Requested functionality has been deprecated
    Default Applications Clocks
        Graphics                                       : Requested functionality has been deprecated
        Memory                                         : Requested functionality has been deprecated
    Deferred Clocks
        Memory                                         : N/A
    Max Clocks
        Graphics                                       : 3105 MHz
        SM                                             : 3105 MHz
        Memory                                         : 14001 MHz
        Video                                          : 3090 MHz
    Max Customer Boost Clocks
        Graphics                                       : N/A
    Clock Policy
        Auto Boost                                     : N/A
        Auto Boost Default                             : N/A
    Fabric
        State                                          : N/A
        Status                                         : N/A
        CliqueId                                       : N/A
        ClusterUUID                                    : N/A
        Health
            Summary                                    : N/A
            Bandwidth                                  : N/A
            Route Recovery in progress                 : N/A
            Route Unhealthy                            : N/A
            Access Timeout Recovery                    : N/A
            Incorrect Configuration                    : N/A
            Partition Assigned                         : N/A
    Processes
        GPU instance ID                   : N/A
        Compute instance ID               : N/A
        Process ID                        : 58222
            Type                          : C
            Name                          : /root/volo-repro................./python
            Used GPU Memory               : 16 MiB
    Capabilities
        EGM                                            : disabled

'
2026-09-05T15:58:26Z [430ms] [Warning] [carb.crashreporter-breakpad.plugin] [crash]  osDistro = 'ubuntu'
2026-09-05T15:58:26Z [434ms] [Warning] [carb.crashreporter-breakpad.plugin] [crash]  osName = '24.04.4 LTS (Noble Numbat)'
2026-09-05T15:58:26Z [440ms] [Warning] [carb.crashreporter-breakpad.plugin] [crash]  osVersion = '24.04.4'
2026-09-05T15:58:26Z [444ms] [Warning] [carb.crashreporter-breakpad.plugin] [crash]  portableMode = '1'
2026-09-05T15:58:26Z [450ms] [Warning] [carb.crashreporter-breakpad.plugin] [crash]  primaryDisplayRes = '1920x1080x32bit@60Hz'
2026-09-05T15:58:26Z [454ms] [Warning] [carb.crashreporter-breakpad.plugin] [crash]  runEnvironment = 'Individual'
2026-09-05T15:58:26Z [459ms] [Warning] [carb.crashreporter-breakpad.plugin] [crash]  runningInContainer = '1'
2026-09-05T15:58:26Z [464ms] [Warning] [carb.crashreporter-breakpad.plugin] [crash]  shaderdb_debugSymbols = '0'
2026-09-05T15:58:26Z [469ms] [Warning] [carb.crashreporter-breakpad.plugin] [crash]  shaderdb_dumpIncludeOverrides = '0'
2026-09-05T15:58:26Z [474ms] [Warning] [carb.crashreporter-breakpad.plugin] [crash]  shaderdb_dumpIntermediates = '0'
2026-09-05T15:58:26Z [479ms] [Warning] [carb.crashreporter-breakpad.plugin] [crash]  shaderdb_obfuscateCode = '1'
2026-09-05T15:58:26Z [484ms] [Warning] [carb.crashreporter-breakpad.plugin] [crash]  shaderdb_optimizationLevel = '1'
2026-09-05T15:58:26Z [489ms] [Warning] [carb.crashreporter-breakpad.plugin] [crash]  systemInfo = '
|---------------------------------------------------------------------------------------------|
| Driver Version: 595.71.05     | Graphics API: Vulkan
|=============================================================================================|
| GPU | Name                             | Active | LDA | GPU Memory | Vendor-ID | LUID       |
|     |                                  |        |     |            | Device-ID | UUID       |
|     |                                  |        |     |            | Bus-ID    |            |
|---------------------------------------------------------------------------------------------|
| 0   | NVIDIA GeForce RTX 5090          | Yes: 0 |     | 32607   MB | 10de      | 0          |
|     |                                  |        |     |            | 2b85      | 3df58cc9.. |
|     |                                  |        |     |            | c1        |            |
|=============================================================================================|
| OS: 24.04.4 LTS (Noble Numbat) ubuntu, Version: 24.04.4, Kernel: 7.0.0-15-generic
| XServer Vendor: The X.Org Foundation, XServer Version: 12101011 (1.21.1.11)
| Processor: AMD Ryzen Threadripper 7960X 24-Cores
| Bare Metal Cores: 24 | Bare Metal Logical Cores: 48
| Core Usage Quota: 23.04
|---------------------------------------------------------------------------------------------|
| Total Memory (MB): 42431 | Free Memory: 35808
| Total Page/Swap (MB): 8191 | Free Page/Swap: 1922
|---------------------------------------------------------------------------------------------|
'
2026-09-05T15:58:26Z [494ms] [Warning] [carb.crashreporter-breakpad.plugin] [crash]  telemetrySessionId = '11928460004446735599'
2026-09-05T15:58:26Z [499ms] [Warning] [carb.crashreporter-breakpad.plugin] [crash]  terminatedByAbort = '0'
2026-09-05T15:58:26Z [504ms] [Warning] [carb.crashreporter-breakpad.plugin] [crash]  totalRamBareMetalMB = '62507'
2026-09-05T15:58:26Z [509ms] [Warning] [carb.crashreporter-breakpad.plugin] [crash]  totalRamLimitedMB = '42431'
2026-09-05T15:58:26Z [514ms] [Warning] [carb.crashreporter-breakpad.plugin] [crash]  totalSwapBareMetalMB = '8191'
2026-09-05T15:58:26Z [519ms] [Warning] [carb.crashreporter-breakpad.plugin] [crash]  totalSwapLimitedMB = '8191'
2026-09-05T15:58:26Z [524ms] [Warning] [carb.crashreporter-breakpad.plugin] [crash]  userId = 'default'
2026-09-05T15:58:26Z [529ms] [Warning] [carb.crashreporter-breakpad.plugin] [crash]  workingDirectory = '/root/volo-repro/repos/RoboLab'
2026-09-05T15:58:26Z [534ms] [Fatal] [carb.crashreporter-breakpad.plugin] [crash] Thread 58255 backtrace follows:
2026-09-05T15:58:26Z [550ms] [Fatal] [carb.crashreporter-breakpad.plugin] 000: libc.so.6!__sigaction+0x50 (??:?)
2026-09-05T15:58:26Z [561ms] [Fatal] [carb.crashreporter-breakpad.plugin] 001: libnvidia-gpucomp.so.595.71.05!+0x316294
2026-09-05T15:58:26Z [574ms] [Fatal] [carb.crashreporter-breakpad.plugin] 002: libnvidia-gpucomp.so.595.71.05!nvGetCompilerInterface+0x113b856 (??:?)
2026-09-05T15:58:26Z [586ms] [Fatal] [carb.crashreporter-breakpad.plugin] 003: libnvidia-gpucomp.so.595.71.05!nvGetCompilerInterface+0x113b9fb (??:?)
2026-09-05T15:58:26Z [599ms] [Fatal] [carb.crashreporter-breakpad.plugin] 004: libnvidia-gpucomp.so.595.71.05!nvGetCompilerInterface+0x3b53072 (??:?)
2026-09-05T15:58:26Z [611ms] [Fatal] [carb.crashreporter-breakpad.plugin] 005: libnvidia-gpucomp.so.595.71.05!nvGetCompilerInterface+0x3b54631 (??:?)
2026-09-05T15:58:26Z [624ms] [Fatal] [carb.crashreporter-breakpad.plugin] 006: libnvidia-gpucomp.so.595.71.05!nvGetCompilerInterface+0x3af383f (??:?)
2026-09-05T15:58:26Z [635ms] [Fatal] [carb.crashreporter-breakpad.plugin] 007: libnvidia-gpucomp.so.595.71.05!nvGetCompilerInterface+0x64d3ea (??:?)
2026-09-05T15:58:26Z [647ms] [Fatal] [carb.crashreporter-breakpad.plugin] 008: libnvidia-gpucomp.so.595.71.05!nvGetCompilerInterface+0xdde9ef (??:?)
2026-09-05T15:58:26Z [659ms] [Fatal] [carb.crashreporter-breakpad.plugin] 009: libnvidia-gpucomp.so.595.71.05!nvGetCompilerInterface+0x39872ca (??:?)
2026-09-05T15:58:26Z [672ms] [Fatal] [carb.crashreporter-breakpad.plugin] 010: libnvidia-gpucomp.so.595.71.05!nvGetCompilerInterface+0xdde451 (??:?)
2026-09-05T15:58:26Z [684ms] [Fatal] [carb.crashreporter-breakpad.plugin] 011: libnvidia-gpucomp.so.595.71.05!nvGetCompilerInterface+0x3d0719c (??:?)
2026-09-05T15:58:26Z [697ms] [Fatal] [carb.crashreporter-breakpad.plugin] 012: libnvidia-gpucomp.so.595.71.05!nvGetCompilerInterface+0x3d07a36 (??:?)
2026-09-05T15:58:26Z [708ms] [Fatal] [carb.crashreporter-breakpad.plugin] 013: libnvidia-gpucomp.so.595.71.05!nvGetCompilerInterface+0x3d0bf7d (??:?)
2026-09-05T15:58:26Z [720ms] [Fatal] [carb.crashreporter-breakpad.plugin] 014: libnvidia-gpucomp.so.595.71.05!nvGetCompilerInterface+0x3d010f4 (??:?)
2026-09-05T15:58:26Z [732ms] [Fatal] [carb.crashreporter-breakpad.plugin] 015: libnvidia-gpucomp.so.595.71.05!nvGetCompilerInterface+0x3caeca2 (??:?)
2026-09-05T15:58:27Z [746ms] [Fatal] [carb.crashreporter-breakpad.plugin] 016: libnvidia-gpucomp.so.595.71.05!nvGetCompilerInterface+0x3caf695 (??:?)
2026-09-05T15:58:27Z [761ms] [Fatal] [carb.crashreporter-breakpad.plugin] 017: libnvidia-gpucomp.so.595.71.05!nvGetCompilerInterface+0x3caf796 (??:?)
2026-09-05T15:58:27Z [774ms] [Fatal] [carb.crashreporter-breakpad.plugin] 018: libnvidia-gpucomp.so.595.71.05!nvGetCompilerInterface+0x1cfa395 (??:?)
2026-09-05T15:58:27Z [788ms] [Fatal] [carb.crashreporter-breakpad.plugin] 019: libnvidia-gpucomp.so.595.71.05!nvGetCompilerInterface+0x1cf0086 (??:?)
2026-09-05T15:58:27Z [803ms] [Fatal] [carb.crashreporter-breakpad.plugin] 020: libnvidia-gpucomp.so.595.71.05!nvGetCompilerInterface+0x1d50497 (??:?)
2026-09-05T15:58:27Z [816ms] [Fatal] [carb.crashreporter-breakpad.plugin] 021: libnvidia-gpucomp.so.595.71.05!nvGetCompilerInterface+0x1cf1378 (??:?)
2026-09-05T15:58:27Z [831ms] [Fatal] [carb.crashreporter-breakpad.plugin] 022: libnvidia-glvkspirv.so.595.71.05!_nv005nvvm+0x315b (??:?)
2026-09-05T15:58:27Z [844ms] [Fatal] [carb.crashreporter-breakpad.plugin] 023: libnvidia-glvkspirv.so.595.71.05!_nv002nvvm+0x36 (??:?)
2026-09-05T15:58:27Z [856ms] [Fatal] [carb.crashreporter-breakpad.plugin] 024: libnvidia-glcore.so.595.71.05!+0xe6cae6
2026-09-05T15:58:27Z [867ms] [Fatal] [carb.crashreporter-breakpad.plugin] 025: libnvidia-glcore.so.595.71.05!+0xe6ea07
2026-09-05T15:58:27Z [879ms] [Fatal] [carb.crashreporter-breakpad.plugin] 026: libnvidia-glcore.so.595.71.05!+0xe7096a
2026-09-05T15:58:27Z [891ms] [Fatal] [carb.crashreporter-breakpad.plugin] 027: libnvidia-glcore.so.595.71.05!+0xfa316b
2026-09-05T15:58:27Z [902ms] [Fatal] [carb.crashreporter-breakpad.plugin] 028: libnvidia-glcore.so.595.71.05!+0xe71885
2026-09-05T15:58:27Z [914ms] [Fatal] [carb.crashreporter-breakpad.plugin] 029: libnvidia-glcore.so.595.71.05!+0xe87525
2026-09-05T15:58:27Z [925ms] [Fatal] [carb.crashreporter-breakpad.plugin] 030: libnvidia-glcore.so.595.71.05!+0xf8dbf0
2026-09-05T15:58:27Z [938ms] [Fatal] [carb.crashreporter-breakpad.plugin] 031: libnvidia-glcore.so.595.71.05!+0xd32b55
2026-09-05T15:58:27Z [951ms] [Fatal] [carb.crashreporter-breakpad.plugin] 032: libcarb.graphics-vulkan.plugin.so!void std::vector<unsigned int, std::allocator<unsigned int> >::_M_realloc_insert<unsigned int>(__gnu_cxx::__normal_iterator<unsigned int*, std::vector<unsigned int, std::allocator<unsigned int> > >, unsigned int&&)+0x4e9b (??:?)
2026-09-05T15:58:27Z [966ms] [Fatal] [carb.crashreporter-breakpad.plugin] 033: libcarb.graphics-vulkan.plugin.so!void std::vector<VkDescriptorType, std::allocator<VkDescriptorType> >::_M_realloc_insert<VkDescriptorType>(__gnu_cxx::__normal_iterator<VkDescriptorType*, std::vector<VkDescriptorType, std::allocator<VkDescriptorType> > >, VkDescriptorType&&)+0xac14 (??:?)
2026-09-05T15:58:27Z [980ms] [Fatal] [carb.crashreporter-breakpad.plugin] 034: libgpu.foundation.plugin.so!std::_Function_handler<void (unsigned char const*, unsigned int, std::ostream&), void (*)(unsigned char const*, unsigned int, std::ostream&)>::_M_manager(std::_Any_data&, std::_Any_data const&, std::_Manager_operation)+0x86be (??:?)
2026-09-05T15:58:27Z [994ms] [Fatal] [carb.crashreporter-breakpad.plugin] 035: libgpu.foundation.plugin.so!std::_Function_handler<void (unsigned char const*, unsigned int, std::ostream&), void (*)(unsigned char const*, unsigned int, std::ostream&)>::_M_manager(std::_Any_data&, std::_Any_data const&, std::_Manager_operation)+0x88ee (??:?)
2026-09-05T15:58:27Z [1,006ms] [Fatal] [carb.crashreporter-breakpad.plugin] 036: libcarb.tasking.plugin.so!std::thread::_State_impl<std::thread::_Invoker<std::tuple<void (carb::tasking::Scheduler::*)(carb::tasking::Fiber*, carb::tasking::Scheduler::TrackedThread*), carb::tasking::Scheduler*, carb::tasking::Fiber*, carb::tasking::Scheduler::TrackedThread*> > >::_M_run()+0xa3a7 (??:?)
2026-09-05T15:58:27Z [1,019ms] [Fatal] [carb.crashreporter-breakpad.plugin] 037: libcarb.tasking.plugin.so!void std::vector<int, std::allocator<int> >::_M_realloc_insert<int const&>(__gnu_cxx::__normal_iterator<int*, std::vector<int, std::allocator<int> > >, int const&)+0xb6dc (??:?)
2026-09-05T15:58:27Z [1,032ms] [Fatal] [carb.crashreporter-breakpad.plugin] 038: libcarb.tasking.plugin.so!void std::vector<int, std::allocator<int> >::_M_realloc_insert<int const&>(__gnu_cxx::__normal_iterator<int*, std::vector<int, std::allocator<int> > >, int const&)+0xb6ff (??:?)
2026-09-05T15:58:27Z [1,046ms] [Fatal] [carb.crashreporter-breakpad.plugin] 039: libcarb.tasking.plugin.so!make_fcontext+0x39 (??:?)
