LAYER:             Searching for implicit layer manifest files
LAYER:                In following locations:
LAYER:                   /root/.config/vulkan/implicit_layer.d
LAYER:                   /etc/xdg/vulkan/implicit_layer.d
LAYER:                   /etc/vulkan/implicit_layer.d
LAYER:                   /root/.local/share/vulkan/implicit_layer.d
LAYER:                   /usr/local/share/vulkan/implicit_layer.d
LAYER:                   /usr/share/vulkan/implicit_layer.d
LAYER:                Found the following files:
LAYER:                   /etc/vulkan/implicit_layer.d/nvidia_layers.json
LAYER:                   /usr/share/vulkan/implicit_layer.d/VkLayer_MESA_device_select.json
LAYER:             Searching for implicit layer manifest files
LAYER:                In following locations:
LAYER:                   /root/.config/vulkan/implicit_layer.d
LAYER:                   /etc/xdg/vulkan/implicit_layer.d
LAYER:                   /etc/vulkan/implicit_layer.d
LAYER:                   /root/.local/share/vulkan/implicit_layer.d
LAYER:                   /usr/local/share/vulkan/implicit_layer.d
LAYER:                   /usr/share/vulkan/implicit_layer.d
LAYER:                Found the following files:
LAYER:                   /etc/vulkan/implicit_layer.d/nvidia_layers.json
LAYER:                   /usr/share/vulkan/implicit_layer.d/VkLayer_MESA_device_select.json
LAYER:             Searching for implicit layer manifest files
LAYER:                In following locations:
LAYER:                   /root/.config/vulkan/implicit_layer.d
LAYER:                   /etc/xdg/vulkan/implicit_layer.d
LAYER:                   /etc/vulkan/implicit_layer.d
LAYER:                   /root/.local/share/vulkan/implicit_layer.d
LAYER:                   /usr/local/share/vulkan/implicit_layer.d
LAYER:                   /usr/share/vulkan/implicit_layer.d
LAYER:                Found the following files:
LAYER:                   /etc/vulkan/implicit_layer.d/nvidia_layers.json
LAYER:                   /usr/share/vulkan/implicit_layer.d/VkLayer_MESA_device_select.json
LAYER:             Searching for explicit layer manifest files
LAYER:                In following locations:
LAYER:                   /root/.config/vulkan/explicit_layer.d
LAYER:                   /etc/xdg/vulkan/explicit_layer.d
LAYER:                   /etc/vulkan/explicit_layer.d
LAYER:                   /root/.local/share/vulkan/explicit_layer.d
LAYER:                   /usr/local/share/vulkan/explicit_layer.d
LAYER:                   /usr/share/vulkan/explicit_layer.d
LAYER:                Found the following files:
LAYER:                   /usr/share/vulkan/explicit_layer.d/VkLayer_INTEL_nullhw.json
LAYER:                   /usr/share/vulkan/explicit_layer.d/VkLayer_MESA_overlay.json
LAYER:             Searching for implicit layer manifest files
LAYER:                In following locations:
LAYER:                   /root/.config/vulkan/implicit_layer.d
LAYER:                   /etc/xdg/vulkan/implicit_layer.d
LAYER:                   /etc/vulkan/implicit_layer.d
LAYER:                   /root/.local/share/vulkan/implicit_layer.d
LAYER:                   /usr/local/share/vulkan/implicit_layer.d
LAYER:                   /usr/share/vulkan/implicit_layer.d
LAYER:                Found the following files:
LAYER:                   /etc/vulkan/implicit_layer.d/nvidia_layers.json
LAYER:                   /usr/share/vulkan/implicit_layer.d/VkLayer_MESA_device_select.json
LAYER:             Searching for implicit layer manifest files
LAYER:                In following locations:
LAYER:                   /root/.config/vulkan/implicit_layer.d
LAYER:                   /etc/xdg/vulkan/implicit_layer.d
LAYER:                   /etc/vulkan/implicit_layer.d
LAYER:                   /root/.local/share/vulkan/implicit_layer.d
LAYER:                   /usr/local/share/vulkan/implicit_layer.d
LAYER:                   /usr/share/vulkan/implicit_layer.d
LAYER:                Found the following files:
LAYER:                   /etc/vulkan/implicit_layer.d/nvidia_layers.json
LAYER:                   /usr/share/vulkan/implicit_layer.d/VkLayer_MESA_device_select.json
LAYER:             Searching for explicit layer manifest files
LAYER:                In following locations:
LAYER:                   /root/.config/vulkan/explicit_layer.d
LAYER:                   /etc/xdg/vulkan/explicit_layer.d
LAYER:                   /etc/vulkan/explicit_layer.d
LAYER:                   /root/.local/share/vulkan/explicit_layer.d
LAYER:                   /usr/local/share/vulkan/explicit_layer.d
LAYER:                   /usr/share/vulkan/explicit_layer.d
LAYER:                Found the following files:
LAYER:                   /usr/share/vulkan/explicit_layer.d/VkLayer_INTEL_nullhw.json
LAYER:                   /usr/share/vulkan/explicit_layer.d/VkLayer_MESA_overlay.json
LAYER:             Searching for implicit layer manifest files
LAYER:                In following locations:
LAYER:                   /root/.config/vulkan/implicit_layer.d
LAYER:                   /etc/xdg/vulkan/implicit_layer.d
LAYER:                   /etc/vulkan/implicit_layer.d
LAYER:                   /root/.local/share/vulkan/implicit_layer.d
LAYER:                   /usr/local/share/vulkan/implicit_layer.d
LAYER:                   /usr/share/vulkan/implicit_layer.d
LAYER:                Found the following files:
LAYER:                   /etc/vulkan/implicit_layer.d/nvidia_layers.json
LAYER:                   /usr/share/vulkan/implicit_layer.d/VkLayer_MESA_device_select.json
LAYER:             Searching for implicit layer manifest files
LAYER:                In following locations:
LAYER:                   /root/.config/vulkan/implicit_layer.d
LAYER:                   /etc/xdg/vulkan/implicit_layer.d
LAYER:                   /etc/vulkan/implicit_layer.d
LAYER:                   /root/.local/share/vulkan/implicit_layer.d
LAYER:                   /usr/local/share/vulkan/implicit_layer.d
LAYER:                   /usr/share/vulkan/implicit_layer.d
LAYER:                Found the following files:
LAYER:                   /etc/vulkan/implicit_layer.d/nvidia_layers.json
LAYER:                   /usr/share/vulkan/implicit_layer.d/VkLayer_MESA_device_select.json
LAYER:             Searching for explicit layer manifest files
LAYER:                In following locations:
LAYER:                   /root/.config/vulkan/explicit_layer.d
LAYER:                   /etc/xdg/vulkan/explicit_layer.d
LAYER:                   /etc/vulkan/explicit_layer.d
LAYER:                   /root/.local/share/vulkan/explicit_layer.d
LAYER:                   /usr/local/share/vulkan/explicit_layer.d
LAYER:                   /usr/share/vulkan/explicit_layer.d
LAYER:                Found the following files:
LAYER:                   /usr/share/vulkan/explicit_layer.d/VkLayer_INTEL_nullhw.json
LAYER:                   /usr/share/vulkan/explicit_layer.d/VkLayer_MESA_overlay.json
LAYER:             Searching for implicit layer manifest files
LAYER:                In following locations:
LAYER:                   /root/.config/vulkan/implicit_layer.d
LAYER:                   /etc/xdg/vulkan/implicit_layer.d
LAYER:                   /etc/vulkan/implicit_layer.d
LAYER:                   /root/.local/share/vulkan/implicit_layer.d
LAYER:                   /usr/local/share/vulkan/implicit_layer.d
LAYER:                   /usr/share/vulkan/implicit_layer.d
LAYER:                Found the following files:
LAYER:                   /etc/vulkan/implicit_layer.d/nvidia_layers.json
LAYER:                   /usr/share/vulkan/implicit_layer.d/VkLayer_MESA_device_select.json
LAYER:             Searching for implicit layer manifest files
LAYER:                In following locations:
LAYER:                   /root/.config/vulkan/implicit_layer.d
LAYER:                   /etc/xdg/vulkan/implicit_layer.d
LAYER:                   /etc/vulkan/implicit_layer.d
LAYER:                   /root/.local/share/vulkan/implicit_layer.d
LAYER:                   /usr/local/share/vulkan/implicit_layer.d
LAYER:                   /usr/share/vulkan/implicit_layer.d
LAYER:                Found the following files:
LAYER:                   /etc/vulkan/implicit_layer.d/nvidia_layers.json
LAYER:                   /usr/share/vulkan/implicit_layer.d/VkLayer_MESA_device_select.json
LAYER:             Searching for explicit layer manifest files
LAYER:                In following locations:
LAYER:                   /root/.config/vulkan/explicit_layer.d
LAYER:                   /etc/xdg/vulkan/explicit_layer.d
LAYER:                   /etc/vulkan/explicit_layer.d
LAYER:                   /root/.local/share/vulkan/explicit_layer.d
LAYER:                   /usr/local/share/vulkan/explicit_layer.d
LAYER:                   /usr/share/vulkan/explicit_layer.d
LAYER:                Found the following files:
LAYER:                   /usr/share/vulkan/explicit_layer.d/VkLayer_INTEL_nullhw.json
LAYER:                   /usr/share/vulkan/explicit_layer.d/VkLayer_MESA_overlay.json
LAYER:             Searching for implicit layer manifest files
LAYER:                In following locations:
LAYER:                   /root/.config/vulkan/implicit_layer.d
LAYER:                   /etc/xdg/vulkan/implicit_layer.d
LAYER:                   /etc/vulkan/implicit_layer.d
LAYER:                   /root/.local/share/vulkan/implicit_layer.d
LAYER:                   /usr/local/share/vulkan/implicit_layer.d
LAYER:                   /usr/share/vulkan/implicit_layer.d
LAYER:                Found the following files:
LAYER:                   /etc/vulkan/implicit_layer.d/nvidia_layers.json
LAYER:                   /usr/share/vulkan/implicit_layer.d/VkLayer_MESA_device_select.json
LAYER:             Searching for implicit layer manifest files
LAYER:                In following locations:
LAYER:                   /root/.config/vulkan/implicit_layer.d
LAYER:                   /etc/xdg/vulkan/implicit_layer.d
LAYER:                   /etc/vulkan/implicit_layer.d
LAYER:                   /root/.local/share/vulkan/implicit_layer.d
LAYER:                   /usr/local/share/vulkan/implicit_layer.d
LAYER:                   /usr/share/vulkan/implicit_layer.d
LAYER:                Found the following files:
LAYER:                   /etc/vulkan/implicit_layer.d/nvidia_layers.json
LAYER:                   /usr/share/vulkan/implicit_layer.d/VkLayer_MESA_device_select.json
LAYER:             Searching for explicit layer manifest files
LAYER:                In following locations:
LAYER:                   /root/.config/vulkan/explicit_layer.d
LAYER:                   /etc/xdg/vulkan/explicit_layer.d
LAYER:                   /etc/vulkan/explicit_layer.d
LAYER:                   /root/.local/share/vulkan/explicit_layer.d
LAYER:                   /usr/local/share/vulkan/explicit_layer.d
LAYER:                   /usr/share/vulkan/explicit_layer.d
LAYER:                Found the following files:
LAYER:                   /usr/share/vulkan/explicit_layer.d/VkLayer_INTEL_nullhw.json
LAYER:                   /usr/share/vulkan/explicit_layer.d/VkLayer_MESA_overlay.json
LAYER:             Searching for implicit layer manifest files
LAYER:                In following locations:
LAYER:                   /root/.config/vulkan/implicit_layer.d
LAYER:                   /etc/xdg/vulkan/implicit_layer.d
LAYER:                   /etc/vulkan/implicit_layer.d
LAYER:                   /root/.local/share/vulkan/implicit_layer.d
LAYER:                   /usr/local/share/vulkan/implicit_layer.d
LAYER:                   /usr/share/vulkan/implicit_layer.d
LAYER:                Found the following files:
LAYER:                   /etc/vulkan/implicit_layer.d/nvidia_layers.json
LAYER:                   /usr/share/vulkan/implicit_layer.d/VkLayer_MESA_device_select.json
LAYER:             Searching for implicit layer manifest files
LAYER:                In following locations:
LAYER:                   /root/.config/vulkan/implicit_layer.d
LAYER:                   /etc/xdg/vulkan/implicit_layer.d
LAYER:                   /etc/vulkan/implicit_layer.d
LAYER:                   /root/.local/share/vulkan/implicit_layer.d
LAYER:                   /usr/local/share/vulkan/implicit_layer.d
LAYER:                   /usr/share/vulkan/implicit_layer.d
LAYER:                Found the following files:
LAYER:                   /etc/vulkan/implicit_layer.d/nvidia_layers.json
LAYER:                   /usr/share/vulkan/implicit_layer.d/VkLayer_MESA_device_select.json
LAYER:             Searching for explicit layer manifest files
LAYER:                In following locations:
LAYER:                   /root/.config/vulkan/explicit_layer.d
LAYER:                   /etc/xdg/vulkan/explicit_layer.d
LAYER:                   /etc/vulkan/explicit_layer.d
LAYER:                   /root/.local/share/vulkan/explicit_layer.d
LAYER:                   /usr/local/share/vulkan/explicit_layer.d
LAYER:                   /usr/share/vulkan/explicit_layer.d
LAYER:                Found the following files:
LAYER:                   /usr/share/vulkan/explicit_layer.d/VkLayer_INTEL_nullhw.json
LAYER:                   /usr/share/vulkan/explicit_layer.d/VkLayer_MESA_overlay.json
LAYER:             Searching for implicit layer manifest files
LAYER:                In following locations:
LAYER:                   /root/.config/vulkan/implicit_layer.d
LAYER:                   /etc/xdg/vulkan/implicit_layer.d
LAYER:                   /etc/vulkan/implicit_layer.d
LAYER:                   /root/.local/share/vulkan/implicit_layer.d
LAYER:                   /usr/local/share/vulkan/implicit_layer.d
LAYER:                   /usr/share/vulkan/implicit_layer.d
LAYER:                Found the following files:
LAYER:                   /etc/vulkan/implicit_layer.d/nvidia_layers.json
LAYER:                   /usr/share/vulkan/implicit_layer.d/VkLayer_MESA_device_select.json
LAYER:             Searching for implicit layer manifest files
LAYER:                In following locations:
LAYER:                   /root/.config/vulkan/implicit_layer.d
LAYER:                   /etc/xdg/vulkan/implicit_layer.d
LAYER:                   /etc/vulkan/implicit_layer.d
LAYER:                   /root/.local/share/vulkan/implicit_layer.d
LAYER:                   /usr/local/share/vulkan/implicit_layer.d
LAYER:                   /usr/share/vulkan/implicit_layer.d
LAYER:                Found the following files:
LAYER:                   /etc/vulkan/implicit_layer.d/nvidia_layers.json
LAYER:                   /usr/share/vulkan/implicit_layer.d/VkLayer_MESA_device_select.json
LAYER:             Searching for explicit layer manifest files
LAYER:                In following locations:
LAYER:                   /root/.config/vulkan/explicit_layer.d
LAYER:                   /etc/xdg/vulkan/explicit_layer.d
LAYER:                   /etc/vulkan/explicit_layer.d
LAYER:                   /root/.local/share/vulkan/explicit_layer.d
LAYER:                   /usr/local/share/vulkan/explicit_layer.d
LAYER:                   /usr/share/vulkan/explicit_layer.d
LAYER:                Found the following files:
LAYER:                   /usr/share/vulkan/explicit_layer.d/VkLayer_INTEL_nullhw.json
LAYER:                   /usr/share/vulkan/explicit_layer.d/VkLayer_MESA_overlay.json
LAYER:             Searching for implicit layer manifest files
LAYER:                In following locations:
LAYER:                   /root/.config/vulkan/implicit_layer.d
LAYER:                   /etc/xdg/vulkan/implicit_layer.d
LAYER:                   /etc/vulkan/implicit_layer.d
LAYER:                   /root/.local/share/vulkan/implicit_layer.d
LAYER:                   /usr/local/share/vulkan/implicit_layer.d
LAYER:                   /usr/share/vulkan/implicit_layer.d
LAYER:                Found the following files:
LAYER:                   /etc/vulkan/implicit_layer.d/nvidia_layers.json
LAYER:                   /usr/share/vulkan/implicit_layer.d/VkLayer_MESA_device_select.json
LAYER:             Searching for implicit layer manifest files
LAYER:                In following locations:
LAYER:                   /root/.config/vulkan/implicit_layer.d
LAYER:                   /etc/xdg/vulkan/implicit_layer.d
LAYER:                   /etc/vulkan/implicit_layer.d
LAYER:                   /root/.local/share/vulkan/implicit_layer.d
LAYER:                   /usr/local/share/vulkan/implicit_layer.d
LAYER:                   /usr/share/vulkan/implicit_layer.d
LAYER:                Found the following files:
LAYER:                   /etc/vulkan/implicit_layer.d/nvidia_layers.json
LAYER:                   /usr/share/vulkan/implicit_layer.d/VkLayer_MESA_device_select.json
LAYER:             Searching for explicit layer manifest files
LAYER:                In following locations:
LAYER:                   /root/.config/vulkan/explicit_layer.d
LAYER:                   /etc/xdg/vulkan/explicit_layer.d
LAYER:                   /etc/vulkan/explicit_layer.d
LAYER:                   /root/.local/share/vulkan/explicit_layer.d
LAYER:                   /usr/local/share/vulkan/explicit_layer.d
LAYER:                   /usr/share/vulkan/explicit_layer.d
LAYER:                Found the following files:
LAYER:                   /usr/share/vulkan/explicit_layer.d/VkLayer_INTEL_nullhw.json
LAYER:                   /usr/share/vulkan/explicit_layer.d/VkLayer_MESA_overlay.json
LAYER:             Searching for implicit layer manifest files
LAYER:                In following locations:
LAYER:                   /root/.config/vulkan/implicit_layer.d
LAYER:                   /etc/xdg/vulkan/implicit_layer.d
LAYER:                   /etc/vulkan/implicit_layer.d
LAYER:                   /root/.local/share/vulkan/implicit_layer.d
LAYER:                   /usr/local/share/vulkan/implicit_layer.d
LAYER:                   /usr/share/vulkan/implicit_layer.d
LAYER:                Found the following files:
LAYER:                   /etc/vulkan/implicit_layer.d/nvidia_layers.json
LAYER:                   /usr/share/vulkan/implicit_layer.d/VkLayer_MESA_device_select.json
LAYER:             Searching for implicit layer manifest files
LAYER:                In following locations:
LAYER:                   /root/.config/vulkan/implicit_layer.d
LAYER:                   /etc/xdg/vulkan/implicit_layer.d
LAYER:                   /etc/vulkan/implicit_layer.d
LAYER:                   /root/.local/share/vulkan/implicit_layer.d
LAYER:                   /usr/local/share/vulkan/implicit_layer.d
LAYER:                   /usr/share/vulkan/implicit_layer.d
LAYER:                Found the following files:
LAYER:                   /etc/vulkan/implicit_layer.d/nvidia_layers.json
LAYER:                   /usr/share/vulkan/implicit_layer.d/VkLayer_MESA_device_select.json
LAYER:             Searching for explicit layer manifest files
LAYER:                In following locations:
LAYER:                   /root/.config/vulkan/explicit_layer.d
LAYER:                   /etc/xdg/vulkan/explicit_layer.d
LAYER:                   /etc/vulkan/explicit_layer.d
LAYER:                   /root/.local/share/vulkan/explicit_layer.d
LAYER:                   /usr/local/share/vulkan/explicit_layer.d
LAYER:                   /usr/share/vulkan/explicit_layer.d
LAYER:                Found the following files:
LAYER:                   /usr/share/vulkan/explicit_layer.d/VkLayer_INTEL_nullhw.json
LAYER:                   /usr/share/vulkan/explicit_layer.d/VkLayer_MESA_overlay.json
LAYER:             Searching for implicit layer manifest files
LAYER:                In following locations:
LAYER:                   /root/.config/vulkan/implicit_layer.d
LAYER:                   /etc/xdg/vulkan/implicit_layer.d
LAYER:                   /etc/vulkan/implicit_layer.d
LAYER:                   /root/.local/share/vulkan/implicit_layer.d
LAYER:                   /usr/local/share/vulkan/implicit_layer.d
LAYER:                   /usr/share/vulkan/implicit_layer.d
LAYER:                Found the following files:
LAYER:                   /etc/vulkan/implicit_layer.d/nvidia_layers.json
LAYER:                   /usr/share/vulkan/implicit_layer.d/VkLayer_MESA_device_select.json
LAYER:             Searching for implicit layer manifest files
LAYER:                In following locations:
LAYER:                   /root/.config/vulkan/implicit_layer.d
LAYER:                   /etc/xdg/vulkan/implicit_layer.d
LAYER:                   /etc/vulkan/implicit_layer.d
LAYER:                   /root/.local/share/vulkan/implicit_layer.d
LAYER:                   /usr/local/share/vulkan/implicit_layer.d
LAYER:                   /usr/share/vulkan/implicit_layer.d
LAYER:                Found the following files:
LAYER:                   /etc/vulkan/implicit_layer.d/nvidia_layers.json
LAYER:                   /usr/share/vulkan/implicit_layer.d/VkLayer_MESA_device_select.json
LAYER:             Searching for explicit layer manifest files
LAYER:                In following locations:
LAYER:                   /root/.config/vulkan/explicit_layer.d
LAYER:                   /etc/xdg/vulkan/explicit_layer.d
LAYER:                   /etc/vulkan/explicit_layer.d
LAYER:                   /root/.local/share/vulkan/explicit_layer.d
LAYER:                   /usr/local/share/vulkan/explicit_layer.d
LAYER:                   /usr/share/vulkan/explicit_layer.d
LAYER:                Found the following files:
LAYER:                   /usr/share/vulkan/explicit_layer.d/VkLayer_INTEL_nullhw.json
LAYER:                   /usr/share/vulkan/explicit_layer.d/VkLayer_MESA_overlay.json
LAYER:             Searching for implicit layer manifest files
LAYER:                In following locations:
LAYER:                   /root/.config/vulkan/implicit_layer.d
LAYER:                   /etc/xdg/vulkan/implicit_layer.d
LAYER:                   /etc/vulkan/implicit_layer.d
LAYER:                   /root/.local/share/vulkan/implicit_layer.d
LAYER:                   /usr/local/share/vulkan/implicit_layer.d
LAYER:                   /usr/share/vulkan/implicit_layer.d
LAYER:                Found the following files:
LAYER:                   /etc/vulkan/implicit_layer.d/nvidia_layers.json
LAYER:                   /usr/share/vulkan/implicit_layer.d/VkLayer_MESA_device_select.json
LAYER:             Searching for implicit layer manifest files
LAYER:                In following locations:
LAYER:                   /root/.config/vulkan/implicit_layer.d
LAYER:                   /etc/xdg/vulkan/implicit_layer.d
LAYER:                   /etc/vulkan/implicit_layer.d
LAYER:                   /root/.local/share/vulkan/implicit_layer.d
LAYER:                   /usr/local/share/vulkan/implicit_layer.d
LAYER:                   /usr/share/vulkan/implicit_layer.d
LAYER:                Found the following files:
LAYER:                   /etc/vulkan/implicit_layer.d/nvidia_layers.json
LAYER:                   /usr/share/vulkan/implicit_layer.d/VkLayer_MESA_device_select.json
LAYER:             Searching for explicit layer manifest files
LAYER:                In following locations:
LAYER:                   /root/.config/vulkan/explicit_layer.d
LAYER:                   /etc/xdg/vulkan/explicit_layer.d
LAYER:                   /etc/vulkan/explicit_layer.d
LAYER:                   /root/.local/share/vulkan/explicit_layer.d
LAYER:                   /usr/local/share/vulkan/explicit_layer.d
LAYER:                   /usr/share/vulkan/explicit_layer.d
LAYER:                Found the following files:
LAYER:                   /usr/share/vulkan/explicit_layer.d/VkLayer_INTEL_nullhw.json
LAYER:                   /usr/share/vulkan/explicit_layer.d/VkLayer_MESA_overlay.json
LAYER:             Searching for implicit layer manifest files
LAYER:                In following locations:
LAYER:                   /root/.config/vulkan/implicit_layer.d
LAYER:                   /etc/xdg/vulkan/implicit_layer.d
LAYER:                   /etc/vulkan/implicit_layer.d
LAYER:                   /root/.local/share/vulkan/implicit_layer.d
LAYER:                   /usr/local/share/vulkan/implicit_layer.d
LAYER:                   /usr/share/vulkan/implicit_layer.d
LAYER:                Found the following files:
LAYER:                   /etc/vulkan/implicit_layer.d/nvidia_layers.json
LAYER:                   /usr/share/vulkan/implicit_layer.d/VkLayer_MESA_device_select.json
LAYER:             Searching for implicit layer manifest files
LAYER:                In following locations:
LAYER:                   /root/.config/vulkan/implicit_layer.d
LAYER:                   /etc/xdg/vulkan/implicit_layer.d
LAYER:                   /etc/vulkan/implicit_layer.d
LAYER:                   /root/.local/share/vulkan/implicit_layer.d
LAYER:                   /usr/local/share/vulkan/implicit_layer.d
LAYER:                   /usr/share/vulkan/implicit_layer.d
LAYER:                Found the following files:
LAYER:                   /etc/vulkan/implicit_layer.d/nvidia_layers.json
LAYER:                   /usr/share/vulkan/implicit_layer.d/VkLayer_MESA_device_select.json
LAYER:             Searching for explicit layer manifest files
LAYER:                In following locations:
LAYER:                   /root/.config/vulkan/explicit_layer.d
LAYER:                   /etc/xdg/vulkan/explicit_layer.d
LAYER:                   /etc/vulkan/explicit_layer.d
LAYER:                   /root/.local/share/vulkan/explicit_layer.d
LAYER:                   /usr/local/share/vulkan/explicit_layer.d
LAYER:                   /usr/share/vulkan/explicit_layer.d
LAYER:                Found the following files:
LAYER:                   /usr/share/vulkan/explicit_layer.d/VkLayer_INTEL_nullhw.json
LAYER:                   /usr/share/vulkan/explicit_layer.d/VkLayer_MESA_overlay.json
LAYER:             Searching for implicit layer manifest files
LAYER:                In following locations:
LAYER:                   /root/.config/vulkan/implicit_layer.d
LAYER:                   /etc/xdg/vulkan/implicit_layer.d
LAYER:                   /etc/vulkan/implicit_layer.d
LAYER:                   /root/.local/share/vulkan/implicit_layer.d
LAYER:                   /usr/local/share/vulkan/implicit_layer.d
LAYER:                   /usr/share/vulkan/implicit_layer.d
LAYER:                Found the following files:
LAYER:                   /etc/vulkan/implicit_layer.d/nvidia_layers.json
LAYER:                   /usr/share/vulkan/implicit_layer.d/VkLayer_MESA_device_select.json
LAYER:             Searching for implicit layer manifest files
LAYER:                In following locations:
LAYER:                   /root/.config/vulkan/implicit_layer.d
LAYER:                   /etc/xdg/vulkan/implicit_layer.d
LAYER:                   /etc/vulkan/implicit_layer.d
LAYER:                   /root/.local/share/vulkan/implicit_layer.d
LAYER:                   /usr/local/share/vulkan/implicit_layer.d
LAYER:                   /usr/share/vulkan/implicit_layer.d
LAYER:                Found the following files:
LAYER:                   /etc/vulkan/implicit_layer.d/nvidia_layers.json
LAYER:                   /usr/share/vulkan/implicit_layer.d/VkLayer_MESA_device_select.json
LAYER:             Searching for explicit layer manifest files
LAYER:                In following locations:
LAYER:                   /root/.config/vulkan/explicit_layer.d
LAYER:                   /etc/xdg/vulkan/explicit_layer.d
LAYER:                   /etc/vulkan/explicit_layer.d
LAYER:                   /root/.local/share/vulkan/explicit_layer.d
LAYER:                   /usr/local/share/vulkan/explicit_layer.d
LAYER:                   /usr/share/vulkan/explicit_layer.d
LAYER:                Found the following files:
LAYER:                   /usr/share/vulkan/explicit_layer.d/VkLayer_INTEL_nullhw.json
LAYER:                   /usr/share/vulkan/explicit_layer.d/VkLayer_MESA_overlay.json
LAYER:             Searching for implicit layer manifest files
LAYER:                In following locations:
LAYER:                   /root/.config/vulkan/implicit_layer.d
LAYER:                   /etc/xdg/vulkan/implicit_layer.d
LAYER:                   /etc/vulkan/implicit_layer.d
LAYER:                   /root/.local/share/vulkan/implicit_layer.d
LAYER:                   /usr/local/share/vulkan/implicit_layer.d
LAYER:                   /usr/share/vulkan/implicit_layer.d
LAYER:                Found the following files:
LAYER:                   /etc/vulkan/implicit_layer.d/nvidia_layers.json
LAYER:                   /usr/share/vulkan/implicit_layer.d/VkLayer_MESA_device_select.json
LAYER:             Searching for implicit layer manifest files
LAYER:                In following locations:
LAYER:                   /root/.config/vulkan/implicit_layer.d
LAYER:                   /etc/xdg/vulkan/implicit_layer.d
LAYER:                   /etc/vulkan/implicit_layer.d
LAYER:                   /root/.local/share/vulkan/implicit_layer.d
LAYER:                   /usr/local/share/vulkan/implicit_layer.d
LAYER:                   /usr/share/vulkan/implicit_layer.d
LAYER:                Found the following files:
LAYER:                   /etc/vulkan/implicit_layer.d/nvidia_layers.json
LAYER:                   /usr/share/vulkan/implicit_layer.d/VkLayer_MESA_device_select.json
LAYER:             Searching for explicit layer manifest files
LAYER:                In following locations:
LAYER:                   /root/.config/vulkan/explicit_layer.d
LAYER:                   /etc/xdg/vulkan/explicit_layer.d
LAYER:                   /etc/vulkan/explicit_layer.d
LAYER:                   /root/.local/share/vulkan/explicit_layer.d
LAYER:                   /usr/local/share/vulkan/explicit_layer.d
LAYER:                   /usr/share/vulkan/explicit_layer.d
LAYER:                Found the following files:
LAYER:                   /usr/share/vulkan/explicit_layer.d/VkLayer_INTEL_nullhw.json
LAYER:                   /usr/share/vulkan/explicit_layer.d/VkLayer_MESA_overlay.json
LAYER:             Searching for implicit layer manifest files
LAYER:                In following locations:
LAYER:                   /root/.config/vulkan/implicit_layer.d
LAYER:                   /etc/xdg/vulkan/implicit_layer.d
LAYER:                   /etc/vulkan/implicit_layer.d
LAYER:                   /root/.local/share/vulkan/implicit_layer.d
LAYER:                   /usr/local/share/vulkan/implicit_layer.d
LAYER:                   /usr/share/vulkan/implicit_layer.d
LAYER:                Found the following files:
LAYER:                   /etc/vulkan/implicit_layer.d/nvidia_layers.json
LAYER:                   /usr/share/vulkan/implicit_layer.d/VkLayer_MESA_device_select.json
LAYER:             Searching for implicit layer manifest files
LAYER:                In following locations:
LAYER:                   /root/.config/vulkan/implicit_layer.d
LAYER:                   /etc/xdg/vulkan/implicit_layer.d
LAYER:                   /etc/vulkan/implicit_layer.d
LAYER:                   /root/.local/share/vulkan/implicit_layer.d
LAYER:                   /usr/local/share/vulkan/implicit_layer.d
LAYER:                   /usr/share/vulkan/implicit_layer.d
LAYER:                Found the following files:
LAYER:                   /etc/vulkan/implicit_layer.d/nvidia_layers.json
LAYER:                   /usr/share/vulkan/implicit_layer.d/VkLayer_MESA_device_select.json
LAYER:             Searching for explicit layer manifest files
LAYER:                In following locations:
LAYER:                   /root/.config/vulkan/explicit_layer.d
LAYER:                   /etc/xdg/vulkan/explicit_layer.d
LAYER:                   /etc/vulkan/explicit_layer.d
LAYER:                   /root/.local/share/vulkan/explicit_layer.d
LAYER:                   /usr/local/share/vulkan/explicit_layer.d
LAYER:                   /usr/share/vulkan/explicit_layer.d
LAYER:                Found the following files:
LAYER:                   /usr/share/vulkan/explicit_layer.d/VkLayer_INTEL_nullhw.json
LAYER:                   /usr/share/vulkan/explicit_layer.d/VkLayer_MESA_overlay.json
LAYER:             Searching for implicit layer manifest files
LAYER:                In following locations:
LAYER:                   /root/.config/vulkan/implicit_layer.d
LAYER:                   /etc/xdg/vulkan/implicit_layer.d
LAYER:                   /etc/vulkan/implicit_layer.d
LAYER:                   /root/.local/share/vulkan/implicit_layer.d
LAYER:                   /usr/local/share/vulkan/implicit_layer.d
LAYER:                   /usr/share/vulkan/implicit_layer.d
LAYER:                Found the following files:
LAYER:                   /etc/vulkan/implicit_layer.d/nvidia_layers.json
LAYER:                   /usr/share/vulkan/implicit_layer.d/VkLayer_MESA_device_select.json
LAYER:             Searching for implicit layer manifest files
LAYER:                In following locations:
LAYER:                   /root/.config/vulkan/implicit_layer.d
LAYER:                   /etc/xdg/vulkan/implicit_layer.d
LAYER:                   /etc/vulkan/implicit_layer.d
LAYER:                   /root/.local/share/vulkan/implicit_layer.d
LAYER:                   /usr/local/share/vulkan/implicit_layer.d
LAYER:                   /usr/share/vulkan/implicit_layer.d
LAYER:                Found the following files:
LAYER:                   /etc/vulkan/implicit_layer.d/nvidia_layers.json
LAYER:                   /usr/share/vulkan/implicit_layer.d/VkLayer_MESA_device_select.json
LAYER:             Searching for explicit layer manifest files
LAYER:                In following locations:
LAYER:                   /root/.config/vulkan/explicit_layer.d
LAYER:                   /etc/xdg/vulkan/explicit_layer.d
LAYER:                   /etc/vulkan/explicit_layer.d
LAYER:                   /root/.local/share/vulkan/explicit_layer.d
LAYER:                   /usr/local/share/vulkan/explicit_layer.d
LAYER:                   /usr/share/vulkan/explicit_layer.d
LAYER:                Found the following files:
LAYER:                   /usr/share/vulkan/explicit_layer.d/VkLayer_INTEL_nullhw.json
LAYER:                   /usr/share/vulkan/explicit_layer.d/VkLayer_MESA_overlay.json
LAYER:             Searching for implicit layer manifest files
LAYER:                In following locations:
LAYER:                   /root/.config/vulkan/implicit_layer.d
LAYER:                   /etc/xdg/vulkan/implicit_layer.d
LAYER:                   /etc/vulkan/implicit_layer.d
LAYER:                   /root/.local/share/vulkan/implicit_layer.d
LAYER:                   /usr/local/share/vulkan/implicit_layer.d
LAYER:                   /usr/share/vulkan/implicit_layer.d
LAYER:                Found the following files:
LAYER:                   /etc/vulkan/implicit_layer.d/nvidia_layers.json
LAYER:                   /usr/share/vulkan/implicit_layer.d/VkLayer_MESA_device_select.json
LAYER:             Searching for implicit layer manifest files
LAYER:                In following locations:
LAYER:                   /root/.config/vulkan/implicit_layer.d
LAYER:                   /etc/xdg/vulkan/implicit_layer.d
LAYER:                   /etc/vulkan/implicit_layer.d
LAYER:                   /root/.local/share/vulkan/implicit_layer.d
LAYER:                   /usr/local/share/vulkan/implicit_layer.d
LAYER:                   /usr/share/vulkan/implicit_layer.d
LAYER:                Found the following files:
LAYER:                   /etc/vulkan/implicit_layer.d/nvidia_layers.json
LAYER:                   /usr/share/vulkan/implicit_layer.d/VkLayer_MESA_device_select.json
LAYER:             Searching for explicit layer manifest files
LAYER:                In following locations:
LAYER:                   /root/.config/vulkan/explicit_layer.d
LAYER:                   /etc/xdg/vulkan/explicit_layer.d
LAYER:                   /etc/vulkan/explicit_layer.d
LAYER:                   /root/.local/share/vulkan/explicit_layer.d
LAYER:                   /usr/local/share/vulkan/explicit_layer.d
LAYER:                   /usr/share/vulkan/explicit_layer.d
LAYER:                Found the following files:
LAYER:                   /usr/share/vulkan/explicit_layer.d/VkLayer_INTEL_nullhw.json
LAYER:                   /usr/share/vulkan/explicit_layer.d/VkLayer_MESA_overlay.json
LAYER:             Searching for implicit layer manifest files
LAYER:                In following locations:
LAYER:                   /root/.config/vulkan/implicit_layer.d
LAYER:                   /etc/xdg/vulkan/implicit_layer.d
LAYER:                   /etc/vulkan/implicit_layer.d
LAYER:                   /root/.local/share/vulkan/implicit_layer.d
LAYER:                   /usr/local/share/vulkan/implicit_layer.d
LAYER:                   /usr/share/vulkan/implicit_layer.d
LAYER:                Found the following files:
LAYER:                   /etc/vulkan/implicit_layer.d/nvidia_layers.json
LAYER:                   /usr/share/vulkan/implicit_layer.d/VkLayer_MESA_device_select.json
LAYER:             Searching for implicit layer manifest files
LAYER:                In following locations:
LAYER:                   /root/.config/vulkan/implicit_layer.d
LAYER:                   /etc/xdg/vulkan/implicit_layer.d
LAYER:                   /etc/vulkan/implicit_layer.d
LAYER:                   /root/.local/share/vulkan/implicit_layer.d
LAYER:                   /usr/local/share/vulkan/implicit_layer.d
LAYER:                   /usr/share/vulkan/implicit_layer.d
LAYER:                Found the following files:
LAYER:                   /etc/vulkan/implicit_layer.d/nvidia_layers.json
LAYER:                   /usr/share/vulkan/implicit_layer.d/VkLayer_MESA_device_select.json
LAYER:             Searching for explicit layer manifest files
LAYER:                In following locations:
LAYER:                   /root/.config/vulkan/explicit_layer.d
LAYER:                   /etc/xdg/vulkan/explicit_layer.d
LAYER:                   /etc/vulkan/explicit_layer.d
LAYER:                   /root/.local/share/vulkan/explicit_layer.d
LAYER:                   /usr/local/share/vulkan/explicit_layer.d
LAYER:                   /usr/share/vulkan/explicit_layer.d
LAYER:                Found the following files:
LAYER:                   /usr/share/vulkan/explicit_layer.d/VkLayer_INTEL_nullhw.json
LAYER:                   /usr/share/vulkan/explicit_layer.d/VkLayer_MESA_overlay.json
LAYER:             Searching for implicit layer manifest files
LAYER:                In following locations:
LAYER:                   /root/.config/vulkan/implicit_layer.d
LAYER:                   /etc/xdg/vulkan/implicit_layer.d
LAYER:                   /etc/vulkan/implicit_layer.d
LAYER:                   /root/.local/share/vulkan/implicit_layer.d
LAYER:                   /usr/local/share/vulkan/implicit_layer.d
LAYER:                   /usr/share/vulkan/implicit_layer.d
LAYER:                Found the following files:
LAYER:                   /etc/vulkan/implicit_layer.d/nvidia_layers.json
LAYER:                   /usr/share/vulkan/implicit_layer.d/VkLayer_MESA_device_select.json
LAYER:             Searching for implicit layer manifest files
LAYER:                In following locations:
LAYER:                   /root/.config/vulkan/implicit_layer.d
LAYER:                   /etc/xdg/vulkan/implicit_layer.d
LAYER:                   /etc/vulkan/implicit_layer.d
LAYER:                   /root/.local/share/vulkan/implicit_layer.d
LAYER:                   /usr/local/share/vulkan/implicit_layer.d
LAYER:                   /usr/share/vulkan/implicit_layer.d
LAYER:                Found the following files:
LAYER:                   /etc/vulkan/implicit_layer.d/nvidia_layers.json
LAYER:                   /usr/share/vulkan/implicit_layer.d/VkLayer_MESA_device_select.json
LAYER:             Searching for explicit layer manifest files
LAYER:                In following locations:
LAYER:                   /root/.config/vulkan/explicit_layer.d
LAYER:                   /etc/xdg/vulkan/explicit_layer.d
LAYER:                   /etc/vulkan/explicit_layer.d
LAYER:                   /root/.local/share/vulkan/explicit_layer.d
LAYER:                   /usr/local/share/vulkan/explicit_layer.d
LAYER:                   /usr/share/vulkan/explicit_layer.d
LAYER:                Found the following files:
LAYER:                   /usr/share/vulkan/explicit_layer.d/VkLayer_INTEL_nullhw.json
LAYER:                   /usr/share/vulkan/explicit_layer.d/VkLayer_MESA_overlay.json
LAYER:             Searching for implicit layer manifest files
LAYER:                In following locations:
LAYER:                   /root/.config/vulkan/implicit_layer.d
LAYER:                   /etc/xdg/vulkan/implicit_layer.d
LAYER:                   /etc/vulkan/implicit_layer.d
LAYER:                   /root/.local/share/vulkan/implicit_layer.d
LAYER:                   /usr/local/share/vulkan/implicit_layer.d
LAYER:                   /usr/share/vulkan/implicit_layer.d
LAYER:                Found the following files:
LAYER:                   /etc/vulkan/implicit_layer.d/nvidia_layers.json
LAYER:                   /usr/share/vulkan/implicit_layer.d/VkLayer_MESA_device_select.json
LAYER:             Searching for implicit layer manifest files
LAYER:                In following locations:
LAYER:                   /root/.config/vulkan/implicit_layer.d
LAYER:                   /etc/xdg/vulkan/implicit_layer.d
LAYER:                   /etc/vulkan/implicit_layer.d
LAYER:                   /root/.local/share/vulkan/implicit_layer.d
LAYER:                   /usr/local/share/vulkan/implicit_layer.d
LAYER:                   /usr/share/vulkan/implicit_layer.d
LAYER:                Found the following files:
LAYER:                   /etc/vulkan/implicit_layer.d/nvidia_layers.json
LAYER:                   /usr/share/vulkan/implicit_layer.d/VkLayer_MESA_device_select.json
LAYER:             Searching for explicit layer manifest files
LAYER:                In following locations:
LAYER:                   /root/.config/vulkan/explicit_layer.d
LAYER:                   /etc/xdg/vulkan/explicit_layer.d
LAYER:                   /etc/vulkan/explicit_layer.d
LAYER:                   /root/.local/share/vulkan/explicit_layer.d
LAYER:                   /usr/local/share/vulkan/explicit_layer.d
LAYER:                   /usr/share/vulkan/explicit_layer.d
LAYER:                Found the following files:
LAYER:                   /usr/share/vulkan/explicit_layer.d/VkLayer_INTEL_nullhw.json
LAYER:                   /usr/share/vulkan/explicit_layer.d/VkLayer_MESA_overlay.json
LAYER:             Searching for implicit layer manifest files
LAYER:                In following locations:
LAYER:                   /root/.config/vulkan/implicit_layer.d
LAYER:                   /etc/xdg/vulkan/implicit_layer.d
LAYER:                   /etc/vulkan/implicit_layer.d
LAYER:                   /root/.local/share/vulkan/implicit_layer.d
LAYER:                   /usr/local/share/vulkan/implicit_layer.d
LAYER:                   /usr/share/vulkan/implicit_layer.d
LAYER:                Found the following files:
LAYER:                   /etc/vulkan/implicit_layer.d/nvidia_layers.json
LAYER:                   /usr/share/vulkan/implicit_layer.d/VkLayer_MESA_device_select.json
LAYER:             Searching for implicit layer manifest files
LAYER:                In following locations:
LAYER:                   /root/.config/vulkan/implicit_layer.d
LAYER:                   /etc/xdg/vulkan/implicit_layer.d
LAYER:                   /etc/vulkan/implicit_layer.d
LAYER:                   /root/.local/share/vulkan/implicit_layer.d
LAYER:                   /usr/local/share/vulkan/implicit_layer.d
LAYER:                   /usr/share/vulkan/implicit_layer.d
LAYER:                Found the following files:
LAYER:                   /etc/vulkan/implicit_layer.d/nvidia_layers.json
LAYER:                   /usr/share/vulkan/implicit_layer.d/VkLayer_MESA_device_select.json
LAYER:             Searching for explicit layer manifest files
LAYER:                In following locations:
LAYER:                   /root/.config/vulkan/explicit_layer.d
LAYER:                   /etc/xdg/vulkan/explicit_layer.d
LAYER:                   /etc/vulkan/explicit_layer.d
LAYER:                   /root/.local/share/vulkan/explicit_layer.d
LAYER:                   /usr/local/share/vulkan/explicit_layer.d
LAYER:                   /usr/share/vulkan/explicit_layer.d
LAYER:                Found the following files:
LAYER:                   /usr/share/vulkan/explicit_layer.d/VkLayer_INTEL_nullhw.json
LAYER:                   /usr/share/vulkan/explicit_layer.d/VkLayer_MESA_overlay.json
LAYER:             Searching for implicit layer manifest files
LAYER:                In following locations:
LAYER:                   /root/.config/vulkan/implicit_layer.d
LAYER:                   /etc/xdg/vulkan/implicit_layer.d
LAYER:                   /etc/vulkan/implicit_layer.d
LAYER:                   /root/.local/share/vulkan/implicit_layer.d
LAYER:                   /usr/local/share/vulkan/implicit_layer.d
LAYER:                   /usr/share/vulkan/implicit_layer.d
LAYER:                Found the following files:
LAYER:                   /etc/vulkan/implicit_layer.d/nvidia_layers.json
LAYER:                   /usr/share/vulkan/implicit_layer.d/VkLayer_MESA_device_select.json
LAYER:             Searching for implicit layer manifest files
LAYER:                In following locations:
LAYER:                   /root/.config/vulkan/implicit_layer.d
LAYER:                   /etc/xdg/vulkan/implicit_layer.d
LAYER:                   /etc/vulkan/implicit_layer.d
LAYER:                   /root/.local/share/vulkan/implicit_layer.d
LAYER:                   /usr/local/share/vulkan/implicit_layer.d
LAYER:                   /usr/share/vulkan/implicit_layer.d
LAYER:                Found the following files:
LAYER:                   /etc/vulkan/implicit_layer.d/nvidia_layers.json
LAYER:                   /usr/share/vulkan/implicit_layer.d/VkLayer_MESA_device_select.json
LAYER:             Searching for explicit layer manifest files
LAYER:                In following locations:
LAYER:                   /root/.config/vulkan/explicit_layer.d
LAYER:                   /etc/xdg/vulkan/explicit_layer.d
LAYER:                   /etc/vulkan/explicit_layer.d
LAYER:                   /root/.local/share/vulkan/explicit_layer.d
LAYER:                   /usr/local/share/vulkan/explicit_layer.d
LAYER:                   /usr/share/vulkan/explicit_layer.d
LAYER:                Found the following files:
LAYER:                   /usr/share/vulkan/explicit_layer.d/VkLayer_INTEL_nullhw.json
LAYER:                   /usr/share/vulkan/explicit_layer.d/VkLayer_MESA_overlay.json
LAYER:             Searching for implicit layer manifest files
LAYER:                In following locations:
LAYER:                   /root/.config/vulkan/implicit_layer.d
LAYER:                   /etc/xdg/vulkan/implicit_layer.d
LAYER:                   /etc/vulkan/implicit_layer.d
LAYER:                   /root/.local/share/vulkan/implicit_layer.d
LAYER:                   /usr/local/share/vulkan/implicit_layer.d
LAYER:                   /usr/share/vulkan/implicit_layer.d
LAYER:                Found the following files:
LAYER:                   /etc/vulkan/implicit_layer.d/nvidia_layers.json
LAYER:                   /usr/share/vulkan/implicit_layer.d/VkLayer_MESA_device_select.json
LAYER:             Searching for implicit layer manifest files
LAYER:                In following locations:
LAYER:                   /root/.config/vulkan/implicit_layer.d
LAYER:                   /etc/xdg/vulkan/implicit_layer.d
LAYER:                   /etc/vulkan/implicit_layer.d
LAYER:                   /root/.local/share/vulkan/implicit_layer.d
LAYER:                   /usr/local/share/vulkan/implicit_layer.d
LAYER:                   /usr/share/vulkan/implicit_layer.d
LAYER:                Found the following files:
LAYER:                   /etc/vulkan/implicit_layer.d/nvidia_layers.json
LAYER:                   /usr/share/vulkan/implicit_layer.d/VkLayer_MESA_device_select.json
LAYER:             Searching for explicit layer manifest files
LAYER:                In following locations:
LAYER:                   /root/.config/vulkan/explicit_layer.d
LAYER:                   /etc/xdg/vulkan/explicit_layer.d
LAYER:                   /etc/vulkan/explicit_layer.d
LAYER:                   /root/.local/share/vulkan/explicit_layer.d
LAYER:                   /usr/local/share/vulkan/explicit_layer.d
LAYER:                   /usr/share/vulkan/explicit_layer.d
LAYER:                Found the following files:
LAYER:                   /usr/share/vulkan/explicit_layer.d/VkLayer_INTEL_nullhw.json
LAYER:                   /usr/share/vulkan/explicit_layer.d/VkLayer_MESA_overlay.json
LAYER:             Searching for implicit layer manifest files
LAYER:                In following locations:
LAYER:                   /root/.config/vulkan/implicit_layer.d
LAYER:                   /etc/xdg/vulkan/implicit_layer.d
LAYER:                   /etc/vulkan/implicit_layer.d
LAYER:                   /root/.local/share/vulkan/implicit_layer.d
LAYER:                   /usr/local/share/vulkan/implicit_layer.d
LAYER:                   /usr/share/vulkan/implicit_layer.d
LAYER:                Found the following files:
LAYER:                   /etc/vulkan/implicit_layer.d/nvidia_layers.json
LAYER:                   /usr/share/vulkan/implicit_layer.d/VkLayer_MESA_device_select.json
LAYER:             Searching for implicit layer manifest files
LAYER:                In following locations:
LAYER:                   /root/.config/vulkan/implicit_layer.d
LAYER:                   /etc/xdg/vulkan/implicit_layer.d
LAYER:                   /etc/vulkan/implicit_layer.d
LAYER:                   /root/.local/share/vulkan/implicit_layer.d
LAYER:                   /usr/local/share/vulkan/implicit_layer.d
LAYER:                   /usr/share/vulkan/implicit_layer.d
LAYER:                Found the following files:
LAYER:                   /etc/vulkan/implicit_layer.d/nvidia_layers.json
LAYER:                   /usr/share/vulkan/implicit_layer.d/VkLayer_MESA_device_select.json
LAYER:             Searching for explicit layer manifest files
LAYER:                In following locations:
LAYER:                   /root/.config/vulkan/explicit_layer.d
LAYER:                   /etc/xdg/vulkan/explicit_layer.d
LAYER:                   /etc/vulkan/explicit_layer.d
LAYER:                   /root/.local/share/vulkan/explicit_layer.d
LAYER:                   /usr/local/share/vulkan/explicit_layer.d
LAYER:                   /usr/share/vulkan/explicit_layer.d
LAYER:                Found the following files:
LAYER:                   /usr/share/vulkan/explicit_layer.d/VkLayer_INTEL_nullhw.json
LAYER:                   /usr/share/vulkan/explicit_layer.d/VkLayer_MESA_overlay.json
LAYER:             Searching for implicit layer manifest files
LAYER:                In following locations:
LAYER:                   /root/.config/vulkan/implicit_layer.d
LAYER:                   /etc/xdg/vulkan/implicit_layer.d
LAYER:                   /etc/vulkan/implicit_layer.d
LAYER:                   /root/.local/share/vulkan/implicit_layer.d
LAYER:                   /usr/local/share/vulkan/implicit_layer.d
LAYER:                   /usr/share/vulkan/implicit_layer.d
LAYER:                Found the following files:
LAYER:                   /etc/vulkan/implicit_layer.d/nvidia_layers.json
LAYER:                   /usr/share/vulkan/implicit_layer.d/VkLayer_MESA_device_select.json
LAYER:             Searching for implicit layer manifest files
LAYER:                In following locations:
LAYER:                   /root/.config/vulkan/implicit_layer.d
LAYER:                   /etc/xdg/vulkan/implicit_layer.d
LAYER:                   /etc/vulkan/implicit_layer.d
LAYER:                   /root/.local/share/vulkan/implicit_layer.d
LAYER:                   /usr/local/share/vulkan/implicit_layer.d
LAYER:                   /usr/share/vulkan/implicit_layer.d
LAYER:                Found the following files:
LAYER:                   /etc/vulkan/implicit_layer.d/nvidia_layers.json
LAYER:                   /usr/share/vulkan/implicit_layer.d/VkLayer_MESA_device_select.json
LAYER:             Searching for explicit layer manifest files
LAYER:                In following locations:
LAYER:                   /root/.config/vulkan/explicit_layer.d
LAYER:                   /etc/xdg/vulkan/explicit_layer.d
LAYER:                   /etc/vulkan/explicit_layer.d
LAYER:                   /root/.local/share/vulkan/explicit_layer.d
LAYER:                   /usr/local/share/vulkan/explicit_layer.d
LAYER:                   /usr/share/vulkan/explicit_layer.d
LAYER:                Found the following files:
LAYER:                   /usr/share/vulkan/explicit_layer.d/VkLayer_INTEL_nullhw.json
LAYER:                   /usr/share/vulkan/explicit_layer.d/VkLayer_MESA_overlay.json
LAYER:             Searching for implicit layer manifest files
LAYER:                In following locations:
LAYER:                   /root/.config/vulkan/implicit_layer.d
LAYER:                   /etc/xdg/vulkan/implicit_layer.d
LAYER:                   /etc/vulkan/implicit_layer.d
LAYER:                   /root/.local/share/vulkan/implicit_layer.d
LAYER:                   /usr/local/share/vulkan/implicit_layer.d
LAYER:                   /usr/share/vulkan/implicit_layer.d
LAYER:                Found the following files:
LAYER:                   /etc/vulkan/implicit_layer.d/nvidia_layers.json
LAYER:                   /usr/share/vulkan/implicit_layer.d/VkLayer_MESA_device_select.json
LAYER:             Searching for implicit layer manifest files
LAYER:                In following locations:
LAYER:                   /root/.config/vulkan/implicit_layer.d
LAYER:                   /etc/xdg/vulkan/implicit_layer.d
LAYER:                   /etc/vulkan/implicit_layer.d
LAYER:                   /root/.local/share/vulkan/implicit_layer.d
LAYER:                   /usr/local/share/vulkan/implicit_layer.d
LAYER:                   /usr/share/vulkan/implicit_layer.d
LAYER:                Found the following files:
LAYER:                   /etc/vulkan/implicit_layer.d/nvidia_layers.json
LAYER:                   /usr/share/vulkan/implicit_layer.d/VkLayer_MESA_device_select.json
LAYER:             Searching for explicit layer manifest files
LAYER:                In following locations:
LAYER:                   /root/.config/vulkan/explicit_layer.d
LAYER:                   /etc/xdg/vulkan/explicit_layer.d
LAYER:                   /etc/vulkan/explicit_layer.d
LAYER:                   /root/.local/share/vulkan/explicit_layer.d
LAYER:                   /usr/local/share/vulkan/explicit_layer.d
LAYER:                   /usr/share/vulkan/explicit_layer.d
LAYER:                Found the following files:
LAYER:                   /usr/share/vulkan/explicit_layer.d/VkLayer_INTEL_nullhw.json
LAYER:                   /usr/share/vulkan/explicit_layer.d/VkLayer_MESA_overlay.json
LAYER:             Searching for implicit layer manifest files
LAYER:                In following locations:
LAYER:                   /root/.config/vulkan/implicit_layer.d
LAYER:                   /etc/xdg/vulkan/implicit_layer.d
LAYER:                   /etc/vulkan/implicit_layer.d
LAYER:                   /root/.local/share/vulkan/implicit_layer.d
LAYER:                   /usr/local/share/vulkan/implicit_layer.d
LAYER:                   /usr/share/vulkan/implicit_layer.d
LAYER:                Found the following files:
LAYER:                   /etc/vulkan/implicit_layer.d/nvidia_layers.json
LAYER:                   /usr/share/vulkan/implicit_layer.d/VkLayer_MESA_device_select.json
LAYER:             Searching for implicit layer manifest files
LAYER:                In following locations:
LAYER:                   /root/.config/vulkan/implicit_layer.d
LAYER:                   /etc/xdg/vulkan/implicit_layer.d
LAYER:                   /etc/vulkan/implicit_layer.d
LAYER:                   /root/.local/share/vulkan/implicit_layer.d
LAYER:                   /usr/local/share/vulkan/implicit_layer.d
LAYER:                   /usr/share/vulkan/implicit_layer.d
LAYER:                Found the following files:
LAYER:                   /etc/vulkan/implicit_layer.d/nvidia_layers.json
LAYER:                   /usr/share/vulkan/implicit_layer.d/VkLayer_MESA_device_select.json
LAYER:             Searching for explicit layer manifest files
LAYER:                In following locations:
LAYER:                   /root/.config/vulkan/explicit_layer.d
LAYER:                   /etc/xdg/vulkan/explicit_layer.d
LAYER:                   /etc/vulkan/explicit_layer.d
LAYER:                   /root/.local/share/vulkan/explicit_layer.d
LAYER:                   /usr/local/share/vulkan/explicit_layer.d
LAYER:                   /usr/share/vulkan/explicit_layer.d
LAYER:                Found the following files:
LAYER:                   /usr/share/vulkan/explicit_layer.d/VkLayer_INTEL_nullhw.json
LAYER:                   /usr/share/vulkan/explicit_layer.d/VkLayer_MESA_overlay.json
LAYER:             Searching for implicit layer manifest files
LAYER:                In following locations:
LAYER:                   /root/.config/vulkan/implicit_layer.d
LAYER:                   /etc/xdg/vulkan/implicit_layer.d
LAYER:                   /etc/vulkan/implicit_layer.d
LAYER:                   /root/.local/share/vulkan/implicit_layer.d
LAYER:                   /usr/local/share/vulkan/implicit_layer.d
LAYER:                   /usr/share/vulkan/implicit_layer.d
LAYER:                Found the following files:
LAYER:                   /etc/vulkan/implicit_layer.d/nvidia_layers.json
LAYER:                   /usr/share/vulkan/implicit_layer.d/VkLayer_MESA_device_select.json
LAYER:             Searching for implicit layer manifest files
LAYER:                In following locations:
LAYER:                   /root/.config/vulkan/implicit_layer.d
LAYER:                   /etc/xdg/vulkan/implicit_layer.d
LAYER:                   /etc/vulkan/implicit_layer.d
LAYER:                   /root/.local/share/vulkan/implicit_layer.d
LAYER:                   /usr/local/share/vulkan/implicit_layer.d
LAYER:                   /usr/share/vulkan/implicit_layer.d
LAYER:                Found the following files:
LAYER:                   /etc/vulkan/implicit_layer.d/nvidia_layers.json
LAYER:                   /usr/share/vulkan/implicit_layer.d/VkLayer_MESA_device_select.json
LAYER:             Searching for explicit layer manifest files
LAYER:                In following locations:
LAYER:                   /root/.config/vulkan/explicit_layer.d
LAYER:                   /etc/xdg/vulkan/explicit_layer.d
LAYER:                   /etc/vulkan/explicit_layer.d
LAYER:                   /root/.local/share/vulkan/explicit_layer.d
LAYER:                   /usr/local/share/vulkan/explicit_layer.d
LAYER:                   /usr/share/vulkan/explicit_layer.d
LAYER:                Found the following files:
LAYER:                   /usr/share/vulkan/explicit_layer.d/VkLayer_INTEL_nullhw.json
LAYER:                   /usr/share/vulkan/explicit_layer.d/VkLayer_MESA_overlay.json
LAYER:             Searching for implicit layer manifest files
LAYER:                In following locations:
LAYER:                   /root/.config/vulkan/implicit_layer.d
LAYER:                   /etc/xdg/vulkan/implicit_layer.d
LAYER:                   /etc/vulkan/implicit_layer.d
LAYER:                   /root/.local/share/vulkan/implicit_layer.d
LAYER:                   /usr/local/share/vulkan/implicit_layer.d
LAYER:                   /usr/share/vulkan/implicit_layer.d
LAYER:                Found the following files:
LAYER:                   /etc/vulkan/implicit_layer.d/nvidia_layers.json
LAYER:                   /usr/share/vulkan/implicit_layer.d/VkLayer_MESA_device_select.json
LAYER:             Searching for implicit layer manifest files
LAYER:                In following locations:
LAYER:                   /root/.config/vulkan/implicit_layer.d
LAYER:                   /etc/xdg/vulkan/implicit_layer.d
LAYER:                   /etc/vulkan/implicit_layer.d
LAYER:                   /root/.local/share/vulkan/implicit_layer.d
LAYER:                   /usr/local/share/vulkan/implicit_layer.d
LAYER:                   /usr/share/vulkan/implicit_layer.d
LAYER:                Found the following files:
LAYER:                   /etc/vulkan/implicit_layer.d/nvidia_layers.json
LAYER:                   /usr/share/vulkan/implicit_layer.d/VkLayer_MESA_device_select.json
LAYER:             Searching for explicit layer manifest files
LAYER:                In following locations:
LAYER:                   /root/.config/vulkan/explicit_layer.d
LAYER:                   /etc/xdg/vulkan/explicit_layer.d
LAYER:                   /etc/vulkan/explicit_layer.d
LAYER:                   /root/.local/share/vulkan/explicit_layer.d
LAYER:                   /usr/local/share/vulkan/explicit_layer.d
LAYER:                   /usr/share/vulkan/explicit_layer.d
LAYER:                Found the following files:
LAYER:                   /usr/share/vulkan/explicit_layer.d/VkLayer_INTEL_nullhw.json
LAYER:                   /usr/share/vulkan/explicit_layer.d/VkLayer_MESA_overlay.json
LAYER:             Searching for implicit layer manifest files
LAYER:                In following locations:
LAYER:                   /root/.config/vulkan/implicit_layer.d
LAYER:                   /etc/xdg/vulkan/implicit_layer.d
LAYER:                   /etc/vulkan/implicit_layer.d
LAYER:                   /root/.local/share/vulkan/implicit_layer.d
LAYER:                   /usr/local/share/vulkan/implicit_layer.d
LAYER:                   /usr/share/vulkan/implicit_layer.d
LAYER:                Found the following files:
LAYER:                   /etc/vulkan/implicit_layer.d/nvidia_layers.json
LAYER:                   /usr/share/vulkan/implicit_layer.d/VkLayer_MESA_device_select.json
LAYER:             Searching for implicit layer manifest files
LAYER:                In following locations:
LAYER:                   /root/.config/vulkan/implicit_layer.d
LAYER:                   /etc/xdg/vulkan/implicit_layer.d
LAYER:                   /etc/vulkan/implicit_layer.d
LAYER:                   /root/.local/share/vulkan/implicit_layer.d
LAYER:                   /usr/local/share/vulkan/implicit_layer.d
LAYER:                   /usr/share/vulkan/implicit_layer.d
LAYER:                Found the following files:
LAYER:                   /etc/vulkan/implicit_layer.d/nvidia_layers.json
LAYER:                   /usr/share/vulkan/implicit_layer.d/VkLayer_MESA_device_select.json
LAYER:             Searching for explicit layer manifest files
LAYER:                In following locations:
LAYER:                   /root/.config/vulkan/explicit_layer.d
LAYER:                   /etc/xdg/vulkan/explicit_layer.d
LAYER:                   /etc/vulkan/explicit_layer.d
LAYER:                   /root/.local/share/vulkan/explicit_layer.d
LAYER:                   /usr/local/share/vulkan/explicit_layer.d
LAYER:                   /usr/share/vulkan/explicit_layer.d
LAYER:                Found the following files:
LAYER:                   /usr/share/vulkan/explicit_layer.d/VkLayer_INTEL_nullhw.json
LAYER:                   /usr/share/vulkan/explicit_layer.d/VkLayer_MESA_overlay.json
LAYER:             Searching for implicit layer manifest files
LAYER:                In following locations:
LAYER:                   /root/.config/vulkan/implicit_layer.d
LAYER:                   /etc/xdg/vulkan/implicit_layer.d
LAYER:                   /etc/vulkan/implicit_layer.d
LAYER:                   /root/.local/share/vulkan/implicit_layer.d
LAYER:                   /usr/local/share/vulkan/implicit_layer.d
LAYER:                   /usr/share/vulkan/implicit_layer.d
LAYER:                Found the following files:
LAYER:                   /etc/vulkan/implicit_layer.d/nvidia_layers.json
LAYER:                   /usr/share/vulkan/implicit_layer.d/VkLayer_MESA_device_select.json
LAYER:             Searching for implicit layer manifest files
LAYER:                In following locations:
LAYER:                   /root/.config/vulkan/implicit_layer.d
LAYER:                   /etc/xdg/vulkan/implicit_layer.d
LAYER:                   /etc/vulkan/implicit_layer.d
LAYER:                   /root/.local/share/vulkan/implicit_layer.d
LAYER:                   /usr/local/share/vulkan/implicit_layer.d
LAYER:                   /usr/share/vulkan/implicit_layer.d
LAYER:                Found the following files:
LAYER:                   /etc/vulkan/implicit_layer.d/nvidia_layers.json
LAYER:                   /usr/share/vulkan/implicit_layer.d/VkLayer_MESA_device_select.json
LAYER:             Searching for explicit layer manifest files
LAYER:                In following locations:
LAYER:                   /root/.config/vulkan/explicit_layer.d
LAYER:                   /etc/xdg/vulkan/explicit_layer.d
LAYER:                   /etc/vulkan/explicit_layer.d
LAYER:                   /root/.local/share/vulkan/explicit_layer.d
LAYER:                   /usr/local/share/vulkan/explicit_layer.d
LAYER:                   /usr/share/vulkan/explicit_layer.d
LAYER:                Found the following files:
LAYER:                   /usr/share/vulkan/explicit_layer.d/VkLayer_INTEL_nullhw.json
LAYER:                   /usr/share/vulkan/explicit_layer.d/VkLayer_MESA_overlay.json
LAYER:             Searching for implicit layer manifest files
LAYER:                In following locations:
LAYER:                   /root/.config/vulkan/implicit_layer.d
LAYER:                   /etc/xdg/vulkan/implicit_layer.d
LAYER:                   /etc/vulkan/implicit_layer.d
LAYER:                   /root/.local/share/vulkan/implicit_layer.d
LAYER:                   /usr/local/share/vulkan/implicit_layer.d
LAYER:                   /usr/share/vulkan/implicit_layer.d
LAYER:                Found the following files:
LAYER:                   /etc/vulkan/implicit_layer.d/nvidia_layers.json
LAYER:                   /usr/share/vulkan/implicit_layer.d/VkLayer_MESA_device_select.json
LAYER:             Searching for implicit layer manifest files
LAYER:                In following locations:
LAYER:                   /root/.config/vulkan/implicit_layer.d
LAYER:                   /etc/xdg/vulkan/implicit_layer.d
LAYER:                   /etc/vulkan/implicit_layer.d
LAYER:                   /root/.local/share/vulkan/implicit_layer.d
LAYER:                   /usr/local/share/vulkan/implicit_layer.d
LAYER:                   /usr/share/vulkan/implicit_layer.d
LAYER:                Found the following files:
LAYER:                   /etc/vulkan/implicit_layer.d/nvidia_layers.json
LAYER:                   /usr/share/vulkan/implicit_layer.d/VkLayer_MESA_device_select.json
LAYER:             Searching for explicit layer manifest files
LAYER:                In following locations:
LAYER:                   /root/.config/vulkan/explicit_layer.d
LAYER:                   /etc/xdg/vulkan/explicit_layer.d
LAYER:                   /etc/vulkan/explicit_layer.d
LAYER:                   /root/.local/share/vulkan/explicit_layer.d
LAYER:                   /usr/local/share/vulkan/explicit_layer.d
LAYER:                   /usr/share/vulkan/explicit_layer.d
LAYER:                Found the following files:
LAYER:                   /usr/share/vulkan/explicit_layer.d/VkLayer_INTEL_nullhw.json
LAYER:                   /usr/share/vulkan/explicit_layer.d/VkLayer_MESA_overlay.json
LAYER:             Searching for implicit layer manifest files
LAYER:                In following locations:
LAYER:                   /root/.config/vulkan/implicit_layer.d
LAYER:                   /etc/xdg/vulkan/implicit_layer.d
LAYER:                   /etc/vulkan/implicit_layer.d
LAYER:                   /root/.local/share/vulkan/implicit_layer.d
LAYER:                   /usr/local/share/vulkan/implicit_layer.d
LAYER:                   /usr/share/vulkan/implicit_layer.d
LAYER:                Found the following files:
LAYER:                   /etc/vulkan/implicit_layer.d/nvidia_layers.json
LAYER:                   /usr/share/vulkan/implicit_layer.d/VkLayer_MESA_device_select.json
LAYER:             Searching for implicit layer manifest files
LAYER:                In following locations:
LAYER:                   /root/.config/vulkan/implicit_layer.d
LAYER:                   /etc/xdg/vulkan/implicit_layer.d
LAYER:                   /etc/vulkan/implicit_layer.d
LAYER:                   /root/.local/share/vulkan/implicit_layer.d
LAYER:                   /usr/local/share/vulkan/implicit_layer.d
LAYER:                   /usr/share/vulkan/implicit_layer.d
LAYER:                Found the following files:
LAYER:                   /etc/vulkan/implicit_layer.d/nvidia_layers.json
LAYER:                   /usr/share/vulkan/implicit_layer.d/VkLayer_MESA_device_select.json
LAYER:             Searching for explicit layer manifest files
LAYER:                In following locations:
LAYER:                   /root/.config/vulkan/explicit_layer.d
LAYER:                   /etc/xdg/vulkan/explicit_layer.d
LAYER:                   /etc/vulkan/explicit_layer.d
LAYER:                   /root/.local/share/vulkan/explicit_layer.d
LAYER:                   /usr/local/share/vulkan/explicit_layer.d
LAYER:                   /usr/share/vulkan/explicit_layer.d
LAYER:                Found the following files:
LAYER:                   /usr/share/vulkan/explicit_layer.d/VkLayer_INTEL_nullhw.json
LAYER:                   /usr/share/vulkan/explicit_layer.d/VkLayer_MESA_overlay.json
LAYER:             Searching for implicit layer manifest files
LAYER:                In following locations:
LAYER:                   /root/.config/vulkan/implicit_layer.d
LAYER:                   /etc/xdg/vulkan/implicit_layer.d
LAYER:                   /etc/vulkan/implicit_layer.d
LAYER:                   /root/.local/share/vulkan/implicit_layer.d
LAYER:                   /usr/local/share/vulkan/implicit_layer.d
LAYER:                   /usr/share/vulkan/implicit_layer.d
LAYER:                Found the following files:
LAYER:                   /etc/vulkan/implicit_layer.d/nvidia_layers.json
LAYER:                   /usr/share/vulkan/implicit_layer.d/VkLayer_MESA_device_select.json
LAYER:             Searching for implicit layer manifest files
LAYER:                In following locations:
LAYER:                   /root/.config/vulkan/implicit_layer.d
LAYER:                   /etc/xdg/vulkan/implicit_layer.d
LAYER:                   /etc/vulkan/implicit_layer.d
LAYER:                   /root/.local/share/vulkan/implicit_layer.d
LAYER:                   /usr/local/share/vulkan/implicit_layer.d
LAYER:                   /usr/share/vulkan/implicit_layer.d
LAYER:                Found the following files:
LAYER:                   /etc/vulkan/implicit_layer.d/nvidia_layers.json
LAYER:                   /usr/share/vulkan/implicit_layer.d/VkLayer_MESA_device_select.json
LAYER:             Searching for explicit layer manifest files
LAYER:                In following locations:
LAYER:                   /root/.config/vulkan/explicit_layer.d
LAYER:                   /etc/xdg/vulkan/explicit_layer.d
LAYER:                   /etc/vulkan/explicit_layer.d
LAYER:                   /root/.local/share/vulkan/explicit_layer.d
LAYER:                   /usr/local/share/vulkan/explicit_layer.d
LAYER:                   /usr/share/vulkan/explicit_layer.d
LAYER:                Found the following files:
LAYER:                   /usr/share/vulkan/explicit_layer.d/VkLayer_INTEL_nullhw.json
LAYER:                   /usr/share/vulkan/explicit_layer.d/VkLayer_MESA_overlay.json
LAYER:             Searching for implicit layer manifest files
LAYER:                In following locations:
LAYER:                   /root/.config/vulkan/implicit_layer.d
LAYER:                   /etc/xdg/vulkan/implicit_layer.d
LAYER:                   /etc/vulkan/implicit_layer.d
LAYER:                   /root/.local/share/vulkan/implicit_layer.d
LAYER:                   /usr/local/share/vulkan/implicit_layer.d
LAYER:                   /usr/share/vulkan/implicit_layer.d
LAYER:                Found the following files:
LAYER:                   /etc/vulkan/implicit_layer.d/nvidia_layers.json
LAYER:                   /usr/share/vulkan/implicit_layer.d/VkLayer_MESA_device_select.json
LAYER:             Searching for implicit layer manifest files
LAYER:                In following locations:
LAYER:                   /root/.config/vulkan/implicit_layer.d
LAYER:                   /etc/xdg/vulkan/implicit_layer.d
LAYER:                   /etc/vulkan/implicit_layer.d
LAYER:                   /root/.local/share/vulkan/implicit_layer.d
LAYER:                   /usr/local/share/vulkan/implicit_layer.d
LAYER:                   /usr/share/vulkan/implicit_layer.d
LAYER:                Found the following files:
LAYER:                   /etc/vulkan/implicit_layer.d/nvidia_layers.json
LAYER:                   /usr/share/vulkan/implicit_layer.d/VkLayer_MESA_device_select.json
LAYER:             Searching for explicit layer manifest files
LAYER:                In following locations:
LAYER:                   /root/.config/vulkan/explicit_layer.d
LAYER:                   /etc/xdg/vulkan/explicit_layer.d
LAYER:                   /etc/vulkan/explicit_layer.d
LAYER:                   /root/.local/share/vulkan/explicit_layer.d
LAYER:                   /usr/local/share/vulkan/explicit_layer.d
LAYER:                   /usr/share/vulkan/explicit_layer.d
LAYER:                Found the following files:
LAYER:                   /usr/share/vulkan/explicit_layer.d/VkLayer_INTEL_nullhw.json
LAYER:                   /usr/share/vulkan/explicit_layer.d/VkLayer_MESA_overlay.json
LAYER:             Searching for implicit layer manifest files
LAYER:                In following locations:
LAYER:                   /root/.config/vulkan/implicit_layer.d
LAYER:                   /etc/xdg/vulkan/implicit_layer.d
LAYER:                   /etc/vulkan/implicit_layer.d
LAYER:                   /root/.local/share/vulkan/implicit_layer.d
LAYER:                   /usr/local/share/vulkan/implicit_layer.d
LAYER:                   /usr/share/vulkan/implicit_layer.d
LAYER:                Found the following files:
LAYER:                   /etc/vulkan/implicit_layer.d/nvidia_layers.json
LAYER:                   /usr/share/vulkan/implicit_layer.d/VkLayer_MESA_device_select.json
LAYER:             Searching for implicit layer manifest files
LAYER:                In following locations:
LAYER:                   /root/.config/vulkan/implicit_layer.d
LAYER:                   /etc/xdg/vulkan/implicit_layer.d
LAYER:                   /etc/vulkan/implicit_layer.d
LAYER:                   /root/.local/share/vulkan/implicit_layer.d
LAYER:                   /usr/local/share/vulkan/implicit_layer.d
LAYER:                   /usr/share/vulkan/implicit_layer.d
LAYER:                Found the following files:
LAYER:                   /etc/vulkan/implicit_layer.d/nvidia_layers.json
LAYER:                   /usr/share/vulkan/implicit_layer.d/VkLayer_MESA_device_select.json
LAYER:             Searching for explicit layer manifest files
LAYER:                In following locations:
LAYER:                   /root/.config/vulkan/explicit_layer.d
LAYER:                   /etc/xdg/vulkan/explicit_layer.d
LAYER:                   /etc/vulkan/explicit_layer.d
LAYER:                   /root/.local/share/vulkan/explicit_layer.d
LAYER:                   /usr/local/share/vulkan/explicit_layer.d
LAYER:                   /usr/share/vulkan/explicit_layer.d
LAYER:                Found the following files:
LAYER:                   /usr/share/vulkan/explicit_layer.d/VkLayer_INTEL_nullhw.json
LAYER:                   /usr/share/vulkan/explicit_layer.d/VkLayer_MESA_overlay.json
LAYER:             Searching for implicit layer manifest files
LAYER:                In following locations:
LAYER:                   /root/.config/vulkan/implicit_layer.d
LAYER:                   /etc/xdg/vulkan/implicit_layer.d
LAYER:                   /etc/vulkan/implicit_layer.d
LAYER:                   /root/.local/share/vulkan/implicit_layer.d
LAYER:                   /usr/local/share/vulkan/implicit_layer.d
LAYER:                   /usr/share/vulkan/implicit_layer.d
LAYER:                Found the following files:
LAYER:                   /etc/vulkan/implicit_layer.d/nvidia_layers.json
LAYER:                   /usr/share/vulkan/implicit_layer.d/VkLayer_MESA_device_select.json
LAYER:             Searching for implicit layer manifest files
LAYER:                In following locations:
LAYER:                   /root/.config/vulkan/implicit_layer.d
LAYER:                   /etc/xdg/vulkan/implicit_layer.d
LAYER:                   /etc/vulkan/implicit_layer.d
LAYER:                   /root/.local/share/vulkan/implicit_layer.d
LAYER:                   /usr/local/share/vulkan/implicit_layer.d
LAYER:                   /usr/share/vulkan/implicit_layer.d
LAYER:                Found the following files:
LAYER:                   /etc/vulkan/implicit_layer.d/nvidia_layers.json
LAYER:                   /usr/share/vulkan/implicit_layer.d/VkLayer_MESA_device_select.json
LAYER:             Searching for implicit layer manifest files
LAYER:                In following locations:
LAYER:                   /root/.config/vulkan/implicit_layer.d
LAYER:                   /etc/xdg/vulkan/implicit_layer.d
LAYER:                   /etc/vulkan/implicit_layer.d
LAYER:                   /root/.local/share/vulkan/implicit_layer.d
LAYER:                   /usr/local/share/vulkan/implicit_layer.d
LAYER:                   /usr/share/vulkan/implicit_layer.d
LAYER:                Found the following files:
LAYER:                   /etc/vulkan/implicit_layer.d/nvidia_layers.json
LAYER:                   /usr/share/vulkan/implicit_layer.d/VkLayer_MESA_device_select.json
LAYER:             Searching for implicit layer manifest files
LAYER:                In following locations:
LAYER:                   /root/.config/vulkan/implicit_layer.d
LAYER:                   /etc/xdg/vulkan/implicit_layer.d
LAYER:                   /etc/vulkan/implicit_layer.d
LAYER:                   /root/.local/share/vulkan/implicit_layer.d
LAYER:                   /usr/local/share/vulkan/implicit_layer.d
LAYER:                   /usr/share/vulkan/implicit_layer.d
LAYER:                Found the following files:
LAYER:                   /etc/vulkan/implicit_layer.d/nvidia_layers.json
LAYER:                   /usr/share/vulkan/implicit_layer.d/VkLayer_MESA_device_select.json
LAYER:             Searching for implicit layer manifest files
LAYER:                In following locations:
LAYER:                   /root/.config/vulkan/implicit_layer.d
LAYER:                   /etc/xdg/vulkan/implicit_layer.d
LAYER:                   /etc/vulkan/implicit_layer.d
LAYER:                   /root/.local/share/vulkan/implicit_layer.d
LAYER:                   /usr/local/share/vulkan/implicit_layer.d
LAYER:                   /usr/share/vulkan/implicit_layer.d
LAYER:                Found the following files:
LAYER:                   /etc/vulkan/implicit_layer.d/nvidia_layers.json
LAYER:                   /usr/share/vulkan/implicit_layer.d/VkLayer_MESA_device_select.json
LAYER:             Searching for implicit layer manifest files
LAYER:                In following locations:
LAYER:                   /root/.config/vulkan/implicit_layer.d
LAYER:                   /etc/xdg/vulkan/implicit_layer.d
LAYER:                   /etc/vulkan/implicit_layer.d
LAYER:                   /root/.local/share/vulkan/implicit_layer.d
LAYER:                   /usr/local/share/vulkan/implicit_layer.d
LAYER:                   /usr/share/vulkan/implicit_layer.d
LAYER:                Found the following files:
LAYER:                   /etc/vulkan/implicit_layer.d/nvidia_layers.json
LAYER:                   /usr/share/vulkan/implicit_layer.d/VkLayer_MESA_device_select.json
LAYER:             Searching for implicit layer manifest files
LAYER:                In following locations:
LAYER:                   /root/.config/vulkan/implicit_layer.d
LAYER:                   /etc/xdg/vulkan/implicit_layer.d
LAYER:                   /etc/vulkan/implicit_layer.d
LAYER:                   /root/.local/share/vulkan/implicit_layer.d
LAYER:                   /usr/local/share/vulkan/implicit_layer.d
LAYER:                   /usr/share/vulkan/implicit_layer.d
LAYER:                Found the following files:
LAYER:                   /etc/vulkan/implicit_layer.d/nvidia_layers.json
LAYER:                   /usr/share/vulkan/implicit_layer.d/VkLayer_MESA_device_select.json
LAYER:             Searching for implicit layer manifest files
LAYER:                In following locations:
LAYER:                   /root/.config/vulkan/implicit_layer.d
LAYER:                   /etc/xdg/vulkan/implicit_layer.d
LAYER:                   /etc/vulkan/implicit_layer.d
LAYER:                   /root/.local/share/vulkan/implicit_layer.d
LAYER:                   /usr/local/share/vulkan/implicit_layer.d
LAYER:                   /usr/share/vulkan/implicit_layer.d
LAYER:                Found the following files:
LAYER:                   /etc/vulkan/implicit_layer.d/nvidia_layers.json
LAYER:                   /usr/share/vulkan/implicit_layer.d/VkLayer_MESA_device_select.json
LAYER:             Searching for implicit layer manifest files
LAYER:                In following locations:
LAYER:                   /root/.config/vulkan/implicit_layer.d
LAYER:                   /etc/xdg/vulkan/implicit_layer.d
LAYER:                   /etc/vulkan/implicit_layer.d
LAYER:                   /root/.local/share/vulkan/implicit_layer.d
LAYER:                   /usr/local/share/vulkan/implicit_layer.d
LAYER:                   /usr/share/vulkan/implicit_layer.d
LAYER:                Found the following files:
LAYER:                   /etc/vulkan/implicit_layer.d/nvidia_layers.json
LAYER:                   /usr/share/vulkan/implicit_layer.d/VkLayer_MESA_device_select.json
LAYER:             Searching for implicit layer manifest files
LAYER:                In following locations:
LAYER:                   /root/.config/vulkan/implicit_layer.d
LAYER:                   /etc/xdg/vulkan/implicit_layer.d
LAYER:                   /etc/vulkan/implicit_layer.d
LAYER:                   /root/.local/share/vulkan/implicit_layer.d
LAYER:                   /usr/local/share/vulkan/implicit_layer.d
LAYER:                   /usr/share/vulkan/implicit_layer.d
LAYER:                Found the following files:
LAYER:                   /etc/vulkan/implicit_layer.d/nvidia_layers.json
LAYER:                   /usr/share/vulkan/implicit_layer.d/VkLayer_MESA_device_select.json
LAYER:             Searching for implicit layer manifest files
LAYER:                In following locations:
LAYER:                   /root/.config/vulkan/implicit_layer.d
LAYER:                   /etc/xdg/vulkan/implicit_layer.d
LAYER:                   /etc/vulkan/implicit_layer.d
LAYER:                   /root/.local/share/vulkan/implicit_layer.d
LAYER:                   /usr/local/share/vulkan/implicit_layer.d
LAYER:                   /usr/share/vulkan/implicit_layer.d
LAYER:                Found the following files:
LAYER:                   /etc/vulkan/implicit_layer.d/nvidia_layers.json
LAYER:                   /usr/share/vulkan/implicit_layer.d/VkLayer_MESA_device_select.json
LAYER:             Searching for implicit layer manifest files
LAYER:                In following locations:
LAYER:                   /root/.config/vulkan/implicit_layer.d
LAYER:                   /etc/xdg/vulkan/implicit_layer.d
LAYER:                   /etc/vulkan/implicit_layer.d
LAYER:                   /root/.local/share/vulkan/implicit_layer.d
LAYER:                   /usr/local/share/vulkan/implicit_layer.d
LAYER:                   /usr/share/vulkan/implicit_layer.d
LAYER:                Found the following files:
LAYER:                   /etc/vulkan/implicit_layer.d/nvidia_layers.json
LAYER:                   /usr/share/vulkan/implicit_layer.d/VkLayer_MESA_device_select.json
LAYER:             Searching for implicit layer manifest files
LAYER:                In following locations:
LAYER:                   /root/.config/vulkan/implicit_layer.d
LAYER:                   /etc/xdg/vulkan/implicit_layer.d
LAYER:                   /etc/vulkan/implicit_layer.d
LAYER:                   /root/.local/share/vulkan/implicit_layer.d
LAYER:                   /usr/local/share/vulkan/implicit_layer.d
LAYER:                   /usr/share/vulkan/implicit_layer.d
LAYER:                Found the following files:
LAYER:                   /etc/vulkan/implicit_layer.d/nvidia_layers.json
LAYER:                   /usr/share/vulkan/implicit_layer.d/VkLayer_MESA_device_select.json
LAYER:             Searching for explicit layer manifest files
LAYER:                In following locations:
LAYER:                   /root/.config/vulkan/explicit_layer.d
LAYER:                   /etc/xdg/vulkan/explicit_layer.d
LAYER:                   /etc/vulkan/explicit_layer.d
LAYER:                   /root/.local/share/vulkan/explicit_layer.d
LAYER:                   /usr/local/share/vulkan/explicit_layer.d
LAYER:                   /usr/share/vulkan/explicit_layer.d
LAYER:                Found the following files:
LAYER:                   /usr/share/vulkan/explicit_layer.d/VkLayer_INTEL_nullhw.json
LAYER:                   /usr/share/vulkan/explicit_layer.d/VkLayer_MESA_overlay.json
DEBUG | LAYER:     Loading layer library libVkLayer_MESA_device_select.so
INFO | LAYER:      Insert instance layer "VK_LAYER_MESA_device_select" (libVkLayer_MESA_device_select.so)
LAYER:             vkCreateInstance layer callstack setup to:
LAYER:                <Application>
LAYER:                  ||
LAYER:                <Loader>
LAYER:                  ||
LAYER:                VK_LAYER_MESA_device_select
LAYER:                        Type: Implicit
LAYER:                            Disable Env Var:  NODEVICE_SELECT
LAYER:                        Manifest: /usr/share/vulkan/implicit_layer.d/VkLayer_MESA_device_select.json
LAYER:                        Library:  libVkLayer_MESA_device_select.so
LAYER:                  ||
LAYER:                <Drivers>
INFO | LAYER:      Failed to find vkGetDeviceProcAddr in layer "libVkLayer_MESA_device_select.so"
DRIVER | LAYER:    vkCreateDevice layer callstack setup to:
DRIVER | LAYER:       <Application>
DRIVER | LAYER:         ||
DRIVER | LAYER:       <Loader>
DRIVER | LAYER:         ||
DRIVER | LAYER:       <Device>
DRIVER | LAYER:           Using "NVIDIA GeForce RTX 5090" with driver: "libGLX_nvidia.so.0"
INFO | LAYER:      Failed to find vkGetDeviceProcAddr in layer "libVkLayer_MESA_device_select.so"
DRIVER | LAYER:    vkCreateDevice layer callstack setup to:
DRIVER | LAYER:       <Application>
DRIVER | LAYER:         ||
DRIVER | LAYER:       <Loader>
DRIVER | LAYER:         ||
DRIVER | LAYER:       <Device>
DRIVER | LAYER:           Using "llvmpipe (LLVM 20.1.2, 256 bits)" with driver: "libvulkan_lvp.so"
DEBUG | LAYER:     Unloading layer library libVkLayer_MESA_device_select.so
==========
VULKANINFO
==========

Vulkan Instance Version: 1.3.275


Instance Extensions: count = 24
-------------------------------
VK_EXT_acquire_drm_display             : extension revision 1
VK_EXT_acquire_xlib_display            : extension revision 1
VK_EXT_debug_report                    : extension revision 10
VK_EXT_debug_utils                     : extension revision 2
VK_EXT_direct_mode_display             : extension revision 1
VK_EXT_display_surface_counter         : extension revision 1
VK_EXT_headless_surface                : extension revision 1
VK_EXT_surface_maintenance1            : extension revision 1
VK_EXT_swapchain_colorspace            : extension revision 5
VK_KHR_device_group_creation           : extension revision 1
VK_KHR_display                         : extension revision 23
VK_KHR_external_fence_capabilities     : extension revision 1
VK_KHR_external_memory_capabilities    : extension revision 1
VK_KHR_external_semaphore_capabilities : extension revision 1
VK_KHR_get_display_properties2         : extension revision 1
VK_KHR_get_physical_device_properties2 : extension revision 2
VK_KHR_get_surface_capabilities2       : extension revision 1
VK_KHR_portability_enumeration         : extension revision 1
VK_KHR_surface                         : extension revision 25
VK_KHR_surface_protected_capabilities  : extension revision 1
VK_KHR_wayland_surface                 : extension revision 6
VK_KHR_xcb_surface                     : extension revision 6
VK_KHR_xlib_surface                    : extension revision 6
VK_LUNARG_direct_driver_loading        : extension revision 1

Instance Layers: count = 5
--------------------------
VK_LAYER_INTEL_nullhw       INTEL NULL HW                1.1.73   version 1
VK_LAYER_MESA_device_select Linux device selection layer 1.4.303  version 1
VK_LAYER_MESA_overlay       Mesa Overlay layer           1.4.303  version 1
VK_LAYER_NV_optimus         NVIDIA Optimus layer         1.4.329  version 1
VK_LAYER_NV_present         NVIDIA Presentation Layer    1.4.329  version 1

Devices:
========
GPU0:
	apiVersion         = 1.4.329
	driverVersion      = 595.71.5.0
	vendorID           = 0x10de
	deviceID           = 0x2b85
	deviceType         = PHYSICAL_DEVICE_TYPE_DISCRETE_GPU
	deviceName         = NVIDIA GeForce RTX 5090
	driverID           = DRIVER_ID_NVIDIA_PROPRIETARY
	driverName         = NVIDIA
	driverInfo         = 595.71.05
	conformanceVersion = 1.4.3.3
	deviceUUID         = 3df58cc9-95e4-1bde-90fc-ba9fea9193d3
	driverUUID         = eec1eba6-4484-5d12-ab32-1ef922507ba0
GPU1:
	apiVersion         = 1.4.318
	driverVersion      = 25.2.8
	vendorID           = 0x10005
	deviceID           = 0x0000
	deviceType         = PHYSICAL_DEVICE_TYPE_CPU
	deviceName         = llvmpipe (LLVM 20.1.2, 256 bits)
	driverID           = DRIVER_ID_MESA_LLVMPIPE
	driverName         = llvmpipe
	driverInfo         = Mesa 25.2.8-0ubuntu0.24.04.2 (LLVM 20.1.2)
	conformanceVersion = 1.3.1.1
	deviceUUID         = 6d657361-3235-2e32-2e38-2d3075627500
	driverUUID         = 6c6c766d-7069-7065-5555-494400000000
